Archive member included to satisfy reference by file (symbol)

C:/msys64/opt/wonderful/thirdparty/blocksds/core/libs/libnds/lib\libnds9.a(mpu_setup.s.o)
                              C:/msys64/opt/wonderful/thirdparty/blocksds/core/sys/crts/ds_arm9_crt0.o (__libnds_mpu_setup)
C:/msys64/opt/wonderful/thirdparty/blocksds/core/libs/libnds/lib\libnds9.a(console.c.o)
                              build/keyboard_custom/source/main.c.o (consoleDemoInit)
C:/msys64/opt/wonderful/thirdparty/blocksds/core/libs/libnds/lib\libnds9.a(keyboard.c.o)
                              build/keyboard_custom/source/main.c.o (keyboardUpdate)
C:/msys64/opt/wonderful/thirdparty/blocksds/core/libs/libnds/lib\libnds9.a(crt0_argv.c.o)
                              C:/msys64/opt/wonderful/thirdparty/blocksds/core/sys/crts/ds_arm9_crt0.o (build_argv)
C:/msys64/opt/wonderful/thirdparty/blocksds/core/libs/libnds/lib\libnds9.a(iob.c.o)
                              C:/msys64/opt/wonderful/thirdparty/blocksds/core/libs/libnds/lib\libnds9.a(keyboard.c.o) (stdin_buf_empty)
C:/msys64/opt/wonderful/thirdparty/blocksds/core/libs/libnds/lib\libnds9.a(cache.c.o)
                              C:/msys64/opt/wonderful/thirdparty/blocksds/core/libs/libnds/lib\libnds9.a(console.c.o) (CP15_CleanAndFlushDCacheRange)
C:/msys64/opt/wonderful/thirdparty/blocksds/core/libs/libnds/lib\libnds9.a(initSystem.c.o)
                              C:/msys64/opt/wonderful/thirdparty/blocksds/core/sys/crts/ds_arm9_crt0.o (__dsimode)
C:/msys64/opt/wonderful/thirdparty/blocksds/core/libs/libnds/lib\libnds9.a(keys.c.o)
                              build/keyboard_custom/source/main.c.o (scanKeys)
C:/msys64/opt/wonderful/thirdparty/blocksds/core/libs/libnds/lib\libnds9.a(securearea.c.o)
                              C:/msys64/opt/wonderful/thirdparty/blocksds/core/sys/crts/ds_arm9_crt0.o (__secure_area__)
C:/msys64/opt/wonderful/thirdparty/blocksds/core/libs/libnds/lib\libnds9.a(system.c.o)
                              C:/msys64/opt/wonderful/thirdparty/blocksds/core/libs/libnds/lib\libnds9.a(initSystem.c.o) (systemValueHandler)
C:/msys64/opt/wonderful/thirdparty/blocksds/core/libs/libnds/lib\libnds9.a(background.c.o)
                              C:/msys64/opt/wonderful/thirdparty/blocksds/core/libs/libnds/lib\libnds9.a(keyboard.c.o) (bgUpdate)
C:/msys64/opt/wonderful/thirdparty/blocksds/core/libs/libnds/lib\libnds9.a(video.c.o)
                              C:/msys64/opt/wonderful/thirdparty/blocksds/core/libs/libnds/lib\libnds9.a(console.c.o) (setBrightness)
C:/msys64/opt/wonderful/thirdparty/blocksds/core/libs/libnds/lib\libnds9.a(threads.c.o)
                              C:/msys64/opt/wonderful/thirdparty/blocksds/core/libs/libnds/lib\libnds9.a(keyboard.c.o) (cothread_yield_irq)
C:/msys64/opt/wonderful/thirdparty/blocksds/core/libs/libnds/lib\libnds9.a(debugprint.c.o)
                              C:/msys64/opt/wonderful/thirdparty/blocksds/core/libs/libnds/lib\libnds9.a(console.c.o) (nocash_putc_buffered)
C:/msys64/opt/wonderful/thirdparty/blocksds/core/libs/libnds/lib\libnds9.a(decompress.c.o)
                              C:/msys64/opt/wonderful/thirdparty/blocksds/core/libs/libnds/lib\libnds9.a(keyboard.c.o) (decompress)
C:/msys64/opt/wonderful/thirdparty/blocksds/core/libs/libnds/lib\libnds9.a(exceptions.c.o)
                              C:/msys64/opt/wonderful/thirdparty/blocksds/core/libs/libnds/lib\libnds9.a(threads.c.o) (libndsCrash)
C:/msys64/opt/wonderful/thirdparty/blocksds/core/libs/libnds/lib\libnds9.a(fifosystem.c.o)
                              C:/msys64/opt/wonderful/thirdparty/blocksds/core/libs/libnds/lib\libnds9.a(system.c.o) (fifoSendValue32)
C:/msys64/opt/wonderful/thirdparty/blocksds/core/libs/libnds/lib\libnds9.a(interrupts.c.o)
                              C:/msys64/opt/wonderful/thirdparty/blocksds/core/libs/libnds/lib\libnds9.a(fifosystem.c.o) (irqSet)
C:/msys64/opt/wonderful/thirdparty/blocksds/core/libs/libnds/lib\libnds9.a(exit.c.o)
                              C:/msys64/opt/wonderful/thirdparty/blocksds/core/sys/crts/ds_arm9_crt0.o (__libnds_exit)
C:/msys64/opt/wonderful/thirdparty/blocksds/core/libs/libnds/lib\libnds9.a(locks.c.o)
                              C:/msys64/opt/wonderful/thirdparty/blocksds/core/libs/libnds/lib\libnds9.a(threads.c.o) (__retarget_lock_acquire)
C:/msys64/opt/wonderful/thirdparty/blocksds/core/libs/libnds/lib\libnds9.a(sbrk.c.o)
                              C:/msys64/opt/wonderful/thirdparty/blocksds/core/sys/crts/ds_arm9_crt0.o (fake_heap_start)
C:/msys64/opt/wonderful/thirdparty/blocksds/core/libs/libnds/lib\libnds9.a(coroutine.c.o)
                              C:/msys64/opt/wonderful/thirdparty/blocksds/core/libs/libnds/lib\libnds9.a(threads.c.o) (__ndsabi_coro_make_noctx)
C:/msys64/opt/wonderful/thirdparty/blocksds/core/libs/libnds/lib\libnds9.a(swiIntrWait.c.o)
                              C:/msys64/opt/wonderful/thirdparty/blocksds/core/libs/libnds/lib\libnds9.a(system.c.o) (swiIntrWait)
[...]
Memory Configuration

Name             Origin             Length             Attributes
ewram            0x02000000         0x00380000
dtcm             0x02ff0000         0x00004000
itcm             0x01000000         0x00008000
*default*        0x00000000         0xffffffff

Linker script and memory map

                0x00000000                        PROVIDE (__dtcm_data_size = 0x0)
                0x00000001                        ASSERT (((__dtcm_data_size & 0x3) == 0x0), __dtcm_data_size must be a multiple of 4)
                0x00004000                        PROVIDE (__dldi_size = 0x4000)
                0x00000040                        PROVIDE (__dtcm_reserved_size = 0x40)
                0x00000001                        ASSERT (((__dtcm_reserved_size & 0x3) == 0x0), __dtcm_reserved_size must be a multiple of 4)
                0x00000100                        PROVIDE (__svc_stack_size = 0x100)
                0x00000001                        ASSERT (((__svc_stack_size & 0x3) == 0x0), __svc_stack_size must be a multiple of 4)
                0x00000100                        PROVIDE (__irq_stack_size = 0x100)
                0x00000001                        ASSERT (((__irq_stack_size & 0x3) == 0x0), __irq_stack_size must be a multiple of 4)
                0x00000000                        PROVIDE (__usr_stack_size = 0x0)
                0x00000001                        ASSERT (((__usr_stack_size & 0x3) == 0x0), __usr_stack_size must be a multiple of 4)
                0x02380000                        __ewram_end = (ORIGIN (ewram) + LENGTH (ewram))
                0x02380000                        __eheap_end = (ORIGIN (ewram) + LENGTH (ewram))
                0x02ff0000                        __dtcm_start = ORIGIN (dtcm)
                0x02ff4000                        __dtcm_top = (ORIGIN (dtcm) + LENGTH (dtcm))
                0x02ff3ff8                        __irq_flags = (__dtcm_top - 0x8)
                0x02ff3ffc                        __irq_vector = (__dtcm_top - 0x4)
                0x02ff3fc0                        __sp_svc = (__dtcm_top - __dtcm_reserved_size)
                0x02ff3ec0                        __sp_irq = (__sp_svc - __svc_stack_size)
                0x02ff3dc0                        __sp_usr = ((__sp_irq - __irq_stack_size) - __dtcm_data_size)
                0x02ff0000                        __dtcm_data_start = (__dtcm_data_size > 0x0)?__sp_usr:ORIGIN (dtcm)
                0x02ff3dc0                        __dtcm_data_top = (__dtcm_data_size > 0x0)?(__sp_irq - __irq_stack_size):(__sp_usr - __usr_stack_size)
                0x0000000e                        __dldi_log2_size = (LOG2CEIL ((__dldi_size + 0x1)) - 0x1)

.secure         0x02000000      0x800
 *(.secure)
 .secure        0x02000000      0x800 C:/msys64/opt/wonderful/thirdparty/blocksds/core/libs/libnds/lib\libnds9.a(securearea.c.o)
                0x02000000                __secure_area__

.crt0           0x02000800      0x2d4
                0x02000800                        __text_start = .
 *(.crt0)
 .crt0          0x02000800      0x2d4 C:/msys64/opt/wonderful/thirdparty/blocksds/core/sys/crts/ds_arm9_crt0.o
                0x02000800                _start
                0x02000ad4                        . = ALIGN (0x4)

.dldi           0x02000ad4        0x0
                0x02000ad4                        __dldi_start = .
 *(.dldi)
                0x02000ad4                        . = ALIGN (0x4)
                0x02000ad4                        __dldi_data_end = .
                0x02000ad4                        __dldi_end = (__dldi_data_end > __dldi_start)?(__dldi_start + __dldi_size):__dldi_start
                0x02000ad4                        . = __dldi_end
                0x02000ad4                        . = ALIGN (0x4)

.plt
 *(.plt)

.init           0x02000ad4        0x8
 *(SORT_NONE(.init))
 .init          0x02000ad4        0x8 C:/msys64/opt/wonderful/toolchain/gcc-arm-none-eabi/lib/gcc/arm-none-eabi/15.1.0/thumb/arm946e-s/crtn.o

.text           0x02000ae0     0x53a0
 *(EXCLUDE_FILE(*.twl* *.itcm*) .text)
 .text          0x02000ae0        0xe C:/msys64/opt/wonderful/toolchain/gcc-arm-none-eabi/lib/gcc/arm-none-eabi/15.1.0/../../../../arm-none-eabi/lib/thumb/arm946e-s\libc.a(strlen.S.o)
                0x02000ae0                strlen
 *fill*         0x02000aee        0x2 ff
 .text          0x02000af0       0x14 C:/msys64/opt/wonderful/toolchain/gcc-arm-none-eabi/lib/gcc/arm-none-eabi/15.1.0/thumb/arm946e-s\libgcc.a(_thumb1_case_uqi.o)
                0x02000af0                __gnu_thumb1_case_uqi
 .text          0x02000b04       0x14 C:/msys64/opt/wonderful/toolchain/gcc-arm-none-eabi/lib/gcc/arm-none-eabi/15.1.0/thumb/arm946e-s\libgcc.a(_thumb1_case_uhi.o)
                0x02000b04                __gnu_thumb1_case_uhi
 .text          0x02000b18      0x214 C:/msys64/opt/wonderful/toolchain/gcc-arm-none-eabi/lib/gcc/arm-none-eabi/15.1.0/thumb/arm946e-s\libgcc.a(_udivsi3.o)
                0x02000b18                __aeabi_uidiv
                0x02000b18                __udivsi3
                0x02000d0c                __aeabi_uidivmod
 .text          0x02000d2c      0x248 C:/msys64/opt/wonderful/toolchain/gcc-arm-none-eabi/lib/gcc/arm-none-eabi/15.1.0/thumb/arm946e-s\libgcc.a(_divsi3.o)
                0x02000d2c                __divsi3
                0x02000d2c                __aeabi_idiv
                0x02000f54                __aeabi_idivmod
 .text          0x02000f74        0x4 C:/msys64/opt/wonderful/toolchain/gcc-arm-none-eabi/lib/gcc/arm-none-eabi/15.1.0/thumb/arm946e-s\libgcc.a(_dvmd_tls.o)
                0x02000f74                __aeabi_idiv0
                0x02000f74                __aeabi_ldiv0
 .text          0x02000f78       0x18 C:/msys64/opt/wonderful/toolchain/gcc-arm-none-eabi/lib/gcc/arm-none-eabi/15.1.0/thumb/arm946e-s\libgcc.a(_lshrdi3.o)
                0x02000f78                __lshrdi3
                0x02000f78                __aeabi_llsr
 .text          0x02000f90       0x1c C:/msys64/opt/wonderful/toolchain/gcc-arm-none-eabi/lib/gcc/arm-none-eabi/15.1.0/thumb/arm946e-s\libgcc.a(_ashrdi3.o)
                0x02000f90                __aeabi_lasr
                0x02000f90                __ashrdi3
 .text          0x02000fac       0x18 C:/msys64/opt/wonderful/toolchain/gcc-arm-none-eabi/lib/gcc/arm-none-eabi/15.1.0/thumb/arm946e-s\libgcc.a(_ashldi3.o)
                0x02000fac                __aeabi_llsl
                0x02000fac                __ashldi3
 .text          0x02000fc4        0x8 C:/msys64/opt/wonderful/toolchain/gcc-arm-none-eabi/lib/gcc/arm-none-eabi/15.1.0/thumb/arm946e-s\libgcc.a(_clzsi2.o)
                0x02000fc4                __clzsi2
 .text          0x02000fcc       0x3c C:/msys64/opt/wonderful/toolchain/gcc-arm-none-eabi/lib/gcc/arm-none-eabi/15.1.0/thumb/arm946e-s\libgcc.a(_aeabi_uldivmod.o)
                0x02000fcc                __aeabi_uldivmod
 .text          0x02001008       0x54 C:/msys64/opt/wonderful/toolchain/gcc-arm-none-eabi/lib/gcc/arm-none-eabi/15.1.0/thumb/arm946e-s\libgcc.a(_muldi3.o)
                0x02001008                __muldi3
                0x02001008                __aeabi_lmul
 .text          0x0200105c      0x190 C:/msys64/opt/wonderful/toolchain/gcc-arm-none-eabi/lib/gcc/arm-none-eabi/15.1.0/thumb/arm946e-s\libgcc.a(_udivmoddi4.o)
                0x0200105c                __udivmoddi4
 .text          0x020011ec       0x14 C:/msys64/opt/wonderful/toolchain/gcc-arm-none-eabi/lib/gcc/arm-none-eabi/15.1.0/thumb/arm946e-s\libgcc.a(_clzdi2.o)
                0x020011ec                __clzdi2
 *(EXCLUDE_FILE(*.twl* *.itcm*) .stub)
 *(EXCLUDE_FILE(*.twl* *.itcm*) .text.*)
 .text.startup.main
                0x02001200      0x140 build/keyboard_custom/source/main.c.o
                0x02001200                main
 .text.__libnds_mpu_setup
                0x02001340      0x1c4 C:/msys64/opt/wonderful/thirdparty/blocksds/core/libs/libnds/lib\libnds9.a(mpu_setup.s.o)
                0x02001340                __libnds_mpu_setup
 .text.CP15_MPUDisable
                0x02001504       0x3c C:/msys64/opt/wonderful/thirdparty/blocksds/core/libs/libnds/lib\libnds9.a(mpu_setup.s.o)
                0x02001504                CP15_MPUDisable
 .text.memUncached
                0x02001540       0x20 C:/msys64/opt/wonderful/thirdparty/blocksds/core/libs/libnds/lib\libnds9.a(mpu_setup.s.o)
                0x02001540                memUncached
 .text.newRow   0x02001560       0x88 C:/msys64/opt/wonderful/thirdparty/blocksds/core/libs/libnds/lib\libnds9.a(console.c.o)
 .text.consolePrintChar.part.0
                0x020015e8      0x100 C:/msys64/opt/wonderful/thirdparty/blocksds/core/libs/libnds/lib\libnds9.a(console.c.o)
 .text.consolePrintChar
                0x020016e8       0x2c C:/msys64/opt/wonderful/thirdparty/blocksds/core/libs/libnds/lib\libnds9.a(console.c.o)
                0x020016e8                consolePrintChar
 .text.con_write
                0x02001714      0x330 C:/msys64/opt/wonderful/thirdparty/blocksds/core/libs/libnds/lib\libnds9.a(console.c.o)
 .text.consoleLoadFont
                0x02001a44      0x24c C:/msys64/opt/wonderful/thirdparty/blocksds/core/libs/libnds/lib\libnds9.a(console.c.o)
                0x02001a44                consoleLoadFont
 .text.consoleInitEx
                0x02001c90      0x19c C:/msys64/opt/wonderful/thirdparty/blocksds/core/libs/libnds/lib\libnds9.a(console.c.o)
                0x02001c90                consoleInitEx
 .text.consoleDemoInit
                0x02001e2c       0x48 C:/msys64/opt/wonderful/thirdparty/blocksds/core/libs/libnds/lib\libnds9.a(console.c.o)
                0x02001e2c                consoleDemoInit
 .text.consoleClear
                0x02001e74       0x48 C:/msys64/opt/wonderful/thirdparty/blocksds/core/libs/libnds/lib\libnds9.a(console.c.o)
                0x02001e74                consoleClear
 .text.consoleSetCursor
                0x02001ebc       0x24 C:/msys64/opt/wonderful/thirdparty/blocksds/core/libs/libnds/lib\libnds9.a(console.c.o)
                0x02001ebc                consoleSetCursor
 .text.consoleSetColor
                0x02001ee0       0x18 C:/msys64/opt/wonderful/thirdparty/blocksds/core/libs/libnds/lib\libnds9.a(console.c.o)
                0x02001ee0                consoleSetColor
 .text.consoleArm7Flush
                0x02001ef8       0x90 C:/msys64/opt/wonderful/thirdparty/blocksds/core/libs/libnds/lib\libnds9.a(console.c.o)
                0x02001ef8                consoleArm7Flush
 .text.keyboardShiftState.part.0
                0x02001f88       0x78 C:/msys64/opt/wonderful/thirdparty/blocksds/core/libs/libnds/lib\libnds9.a(keyboard.c.o)
 .text.swapKeyGfx.part.0
                0x02002000      0x164 C:/msys64/opt/wonderful/thirdparty/blocksds/core/libs/libnds/lib\libnds9.a(keyboard.c.o)
 .text.keyboardGetKey
                0x02002164       0x64 C:/msys64/opt/wonderful/thirdparty/blocksds/core/libs/libnds/lib\libnds9.a(keyboard.c.o)
                0x02002164                keyboardGetKey
 .text.keyboardUpdate
                0x020021c8      0x11c C:/msys64/opt/wonderful/thirdparty/blocksds/core/libs/libnds/lib\libnds9.a(keyboard.c.o)
                0x020021c8                keyboardUpdate
 .text.keyboardInit_call
                0x020022e4      0x1fc C:/msys64/opt/wonderful/thirdparty/blocksds/core/libs/libnds/lib\libnds9.a(keyboard.c.o)
                0x020022e4                keyboardInit_call
 .text.keyboardShow
                0x020024e0      0x140 C:/msys64/opt/wonderful/thirdparty/blocksds/core/libs/libnds/lib\libnds9.a(keyboard.c.o)
                0x020024e0                keyboardShow
 .text.keyboardHide
                0x02002620       0x90 C:/msys64/opt/wonderful/thirdparty/blocksds/core/libs/libnds/lib\libnds9.a(keyboard.c.o)
                0x02002620                keyboardHide
 .text.build_argv
                0x020026b0       0x58 C:/msys64/opt/wonderful/thirdparty/blocksds/core/libs/libnds/lib\libnds9.a(crt0_argv.c.o)
                0x020026b0                build_argv
 .text.putc_buffered
                0x02002708       0x94 C:/msys64/opt/wonderful/thirdparty/blocksds/core/libs/libnds/lib\libnds9.a(iob.c.o)
 .text.stderr_putc_buffered
                0x0200279c       0x20 C:/msys64/opt/wonderful/thirdparty/blocksds/core/libs/libnds/lib\libnds9.a(iob.c.o)
 .text.stdout_putc_buffered
                0x020027bc       0x40 C:/msys64/opt/wonderful/thirdparty/blocksds/core/libs/libnds/lib\libnds9.a(iob.c.o)
 .text.initSystem
                0x020027fc      0x110 C:/msys64/opt/wonderful/thirdparty/blocksds/core/libs/libnds/lib\libnds9.a(initSystem.c.o)
                0x020027fc                initSystem
 .text.scanKeys
                0x0200290c       0xd4 C:/msys64/opt/wonderful/thirdparty/blocksds/core/libs/libnds/lib\libnds9.a(keys.c.o)
                0x0200290c                scanKeys
 .text.keysHeld
                0x020029e0        0xc C:/msys64/opt/wonderful/thirdparty/blocksds/core/libs/libnds/lib\libnds9.a(keys.c.o)
                0x020029e0                keysHeld
 .text.keysDown
                0x020029ec        0xc C:/msys64/opt/wonderful/thirdparty/blocksds/core/libs/libnds/lib\libnds9.a(keys.c.o)
                0x020029ec                keysDown
 .text.keysCurrent
                0x020029f8       0x50 C:/msys64/opt/wonderful/thirdparty/blocksds/core/libs/libnds/lib\libnds9.a(keys.c.o)
                0x020029f8                keysCurrent
 .text.touchRead
                0x02002a48       0x24 C:/msys64/opt/wonderful/thirdparty/blocksds/core/libs/libnds/lib\libnds9.a(keys.c.o)
                0x02002a48                touchRead
 .text.setTransferInputData
                0x02002a6c       0x1c C:/msys64/opt/wonderful/thirdparty/blocksds/core/libs/libnds/lib\libnds9.a(keys.c.o)
                0x02002a6c                setTransferInputData
 .text.systemValueHandler
                0x02002a88       0xc4 C:/msys64/opt/wonderful/thirdparty/blocksds/core/libs/libnds/lib\libnds9.a(system.c.o)
                0x02002a88                systemValueHandler
 .text.systemMsgHandler
                0x02002b4c       0x2c C:/msys64/opt/wonderful/thirdparty/blocksds/core/libs/libnds/lib\libnds9.a(system.c.o)
                0x02002b4c                systemMsgHandler
 .text.powerOn  0x02002b78       0x2c C:/msys64/opt/wonderful/thirdparty/blocksds/core/libs/libnds/lib\libnds9.a(system.c.o)
                0x02002b78                powerOn
 .text.checkIfText
                0x02002ba4       0x6c C:/msys64/opt/wonderful/thirdparty/blocksds/core/libs/libnds/lib\libnds9.a(background.c.o)
                0x02002ba4                checkIfText
 .text.bgUpdate
                0x02002c10       0xe8 C:/msys64/opt/wonderful/thirdparty/blocksds/core/libs/libnds/lib\libnds9.a(background.c.o)
                0x02002c10                bgUpdate
 .text.bgInit_call
                0x02002cf8       0xa8 C:/msys64/opt/wonderful/thirdparty/blocksds/core/libs/libnds/lib\libnds9.a(background.c.o)
                0x02002cf8                bgInit_call
 .text.bgInitSub_call
                0x02002da0       0xb0 C:/msys64/opt/wonderful/thirdparty/blocksds/core/libs/libnds/lib\libnds9.a(background.c.o)
                0x02002da0                bgInitSub_call
 .text.setBrightness
                0x02002e50       0x40 C:/msys64/opt/wonderful/thirdparty/blocksds/core/libs/libnds/lib\libnds9.a(video.c.o)
                0x02002e50                setBrightness
 .text.vramDefault
                0x02002e90       0xe4 C:/msys64/opt/wonderful/thirdparty/blocksds/core/libs/libnds/lib\libnds9.a(video.c.o)
                0x02002e90                vramDefault
 .text.cothread_delete_internal
                0x02002f74       0xa0 C:/msys64/opt/wonderful/thirdparty/blocksds/core/libs/libnds/lib\libnds9.a(threads.c.o)
 .text.cothread_main
                0x02003014       0x18 C:/msys64/opt/wonderful/thirdparty/blocksds/core/libs/libnds/lib\libnds9.a(threads.c.o)
                0x02003014                cothread_main
 .text.cothread_yield
                0x0200302c       0x20 C:/msys64/opt/wonderful/thirdparty/blocksds/core/libs/libnds/lib\libnds9.a(threads.c.o)
                0x0200302c                cothread_yield
 .text.cothread_yield_irq
                0x0200304c       0xa8 C:/msys64/opt/wonderful/thirdparty/blocksds/core/libs/libnds/lib\libnds9.a(threads.c.o)
                0x0200304c                cothread_yield_irq
 .text.cothread_start
                0x020030f4      0x114 C:/msys64/opt/wonderful/thirdparty/blocksds/core/libs/libnds/lib\libnds9.a(threads.c.o)
                0x020030f4                cothread_start
 .text.decompress_get_header
                0x02003208        0x4 C:/msys64/opt/wonderful/thirdparty/blocksds/core/libs/libnds/lib\libnds9.a(decompress.c.o)
 .text.decompress_read_8
                0x0200320c        0x4 C:/msys64/opt/wonderful/thirdparty/blocksds/core/libs/libnds/lib\libnds9.a(decompress.c.o)
 .text.decompress_read_16
                0x02003210        0x4 C:/msys64/opt/wonderful/thirdparty/blocksds/core/libs/libnds/lib\libnds9.a(decompress.c.o)
 .text.decompress_read_32
                0x02003214        0x4 C:/msys64/opt/wonderful/thirdparty/blocksds/core/libs/libnds/lib\libnds9.a(decompress.c.o)
 .text.decompress
                0x02003218       0x3c C:/msys64/opt/wonderful/thirdparty/blocksds/core/libs/libnds/lib\libnds9.a(decompress.c.o)
                0x02003218                decompress
 .text.setExceptionHandler
                0x02003254       0x18 C:/msys64/opt/wonderful/thirdparty/blocksds/core/libs/libnds/lib\libnds9.a(exceptions.c.o)
                0x02003254                setExceptionHandler
 .text.libndsCrash
                0x0200326c        0xc C:/msys64/opt/wonderful/thirdparty/blocksds/core/libs/libnds/lib\libnds9.a(exceptions.c.o)
                0x0200326c                libndsCrash
 .text.fifo_buffer_wait_block
                0x02003278       0x74 C:/msys64/opt/wonderful/thirdparty/blocksds/core/libs/libnds/lib\libnds9.a(fifosystem.c.o)
 .text.fifoFillTxFifoFromBuffer
                0x020032ec       0xa0 C:/msys64/opt/wonderful/thirdparty/blocksds/core/libs/libnds/lib\libnds9.a(fifosystem.c.o)
 .text.fifoInternalSendInterrupt
                0x0200338c        0x8 C:/msys64/opt/wonderful/thirdparty/blocksds/core/libs/libnds/lib\libnds9.a(fifosystem.c.o)
 .text.fifoInternalSend
                0x02003394       0xd8 C:/msys64/opt/wonderful/thirdparty/blocksds/core/libs/libnds/lib\libnds9.a(fifosystem.c.o)
 .text.fifoSendValue32
                0x0200346c       0x3c C:/msys64/opt/wonderful/thirdparty/blocksds/core/libs/libnds/lib\libnds9.a(fifosystem.c.o)
                0x0200346c                fifoSendValue32
 .text.fifoGetDatamsg
                0x020034a8       0xe0 C:/msys64/opt/wonderful/thirdparty/blocksds/core/libs/libnds/lib\libnds9.a(fifosystem.c.o)
                0x020034a8                fifoGetDatamsg
 .text.fifoReadRxFifoAndProcessBuffer
                0x02003588      0x344 C:/msys64/opt/wonderful/thirdparty/blocksds/core/libs/libnds/lib\libnds9.a(fifosystem.c.o)
 .text.fifoGetValue32
                0x020038cc       0x7c C:/msys64/opt/wonderful/thirdparty/blocksds/core/libs/libnds/lib\libnds9.a(fifosystem.c.o)
                0x020038cc                fifoGetValue32
 .text.fifoInternalRecvInterrupt
                0x02003948        0x8 C:/msys64/opt/wonderful/thirdparty/blocksds/core/libs/libnds/lib\libnds9.a(fifosystem.c.o)
 .text.fifoSetValue32Handler
                0x02003950       0x80 C:/msys64/opt/wonderful/thirdparty/blocksds/core/libs/libnds/lib\libnds9.a(fifosystem.c.o)
                0x02003950                fifoSetValue32Handler
 .text.fifoSetDatamsgHandler
                0x020039d0       0xa8 C:/msys64/opt/wonderful/thirdparty/blocksds/core/libs/libnds/lib\libnds9.a(fifosystem.c.o)
                0x020039d0                fifoSetDatamsgHandler
 .text.fifoInit
                0x02003a78      0x138 C:/msys64/opt/wonderful/thirdparty/blocksds/core/libs/libnds/lib\libnds9.a(fifosystem.c.o)
                0x02003a78                fifoInit
 .text.irqSet   0x02003bb0       0x90 C:/msys64/opt/wonderful/thirdparty/blocksds/core/libs/libnds/lib\libnds9.a(interrupts.c.o)
                0x02003bb0                irqSet
 .text.irqInit  0x02003c40       0x44 C:/msys64/opt/wonderful/thirdparty/blocksds/core/libs/libnds/lib\libnds9.a(interrupts.c.o)
                0x02003c40                irqInit
 .text.irqEnable
                0x02003c84       0x64 C:/msys64/opt/wonderful/thirdparty/blocksds/core/libs/libnds/lib\libnds9.a(interrupts.c.o)
                0x02003c84                irqEnable
 .text.systemErrorExit
                0x02003ce8        0x4 C:/msys64/opt/wonderful/thirdparty/blocksds/core/libs/libnds/lib\libnds9.a(exit.c.o)
                0x02003ce8                systemErrorExit
 .text.__libnds_exit
                0x02003cec        0x8 C:/msys64/opt/wonderful/thirdparty/blocksds/core/libs/libnds/lib\libnds9.a(exit.c.o)
                0x02003cec                __libnds_exit
 .text._exit    0x02003cf4       0x88 C:/msys64/opt/wonderful/thirdparty/blocksds/core/libs/libnds/lib\libnds9.a(exit.c.o)
                0x02003cf4                _exit
 .text.__retarget_lock_acquire_recursive
                0x02003d7c       0x3c C:/msys64/opt/wonderful/thirdparty/blocksds/core/libs/libnds/lib\libnds9.a(locks.c.o)
                0x02003d7c                __retarget_lock_acquire_recursive
 .text.__retarget_lock_release_recursive
                0x02003db8       0x4c C:/msys64/opt/wonderful/thirdparty/blocksds/core/libs/libnds/lib\libnds9.a(locks.c.o)
                0x02003db8                __retarget_lock_release_recursive
 .text.sbrk     0x02003e04       0x44 C:/msys64/opt/wonderful/thirdparty/blocksds/core/libs/libnds/lib\libnds9.a(sbrk.c.o)
                0x02003e04                sbrk
 .text.__ndsabi_coro_make_noctx
                0x02003e48       0x28 C:/msys64/opt/wonderful/thirdparty/blocksds/core/libs/libnds/lib\libnds9.a(coroutine.c.o)
                0x02003e48                __ndsabi_coro_make_noctx
 .text.swiDecompressLZSSVram
                0x02003e70       0x18 C:/msys64/opt/wonderful/thirdparty/blocksds/core/libs/libnds/lib\libnds9.a(syscalls.c.o)
                0x02003e70                swiDecompressLZSSVram
 .text.CP15_FlushICache
                0x02003e88        0xc C:/msys64/opt/wonderful/thirdparty/blocksds/core/libs/libnds/lib\libnds9.a(cp15.s.o)
                0x02003e88                CP15_FlushICache
 .text.CP15_FlushDCache
                0x02003e94        0xc C:/msys64/opt/wonderful/thirdparty/blocksds/core/libs/libnds/lib\libnds9.a(cp15.s.o)
                0x02003e94                CP15_FlushDCache
 .text.CP15_CleanAndFlushDCache
                0x02003ea0       0x34 C:/msys64/opt/wonderful/thirdparty/blocksds/core/libs/libnds/lib\libnds9.a(cp15.s.o)
                0x02003ea0                CP15_CleanAndFlushDCache
 .text.__aeabi_read_tp
                0x02003ed4        0xc C:/msys64/opt/wonderful/thirdparty/blocksds/core/libs/libnds/lib\libnds9.a(aeabi_read_tp.s.o)
                0x02003ed4                __aeabi_read_tp
 .text.dmaSetParams
                0x02003ee0       0x1c C:/msys64/opt/wonderful/thirdparty/blocksds/core/libs/libnds/lib\libnds9.a(dma.s.o)
                0x02003ee0                dmaSetParams
 .text.enterException
                0x02003efc       0xd4 C:/msys64/opt/wonderful/thirdparty/blocksds/core/libs/libnds/lib\libnds9.a(exceptionHandler.s.o)
                0x02003efc                enterException
                0x02003f70                exceptionC
                0x02003f74                exceptionStack
                0x02003f78                exceptionRegisters
 .text.__ndsabi_coro_resume
                0x02003fd0       0x18 C:/msys64/opt/wonderful/thirdparty/blocksds/core/libs/libnds/lib\libnds9.a(coroutine.s.o)
                0x02003fd0                __ndsabi_coro_resume
 .text.__ndsabi_coro_yield
                0x02003fe8       0x1c C:/msys64/opt/wonderful/thirdparty/blocksds/core/libs/libnds/lib\libnds9.a(coroutine.s.o)
                0x02003fe8                __ndsabi_coro_yield
 .text.__ndsabi_coro_pop_noctx
                0x02004004       0x34 C:/msys64/opt/wonderful/thirdparty/blocksds/core/libs/libnds/lib\libnds9.a(coroutine.s.o)
                0x02004004                __ndsabi_coro_pop_noctx
 .text.__aeabi_memcpy
                0x02004038       0xc8 C:/msys64/opt/wonderful/thirdparty/blocksds/core/libs/libnds/lib\libnds9.a(memcpy.s.o)
                0x02004038                __aeabi_memcpy
                0x02004070                __aeabi_memcpy4
                0x02004070                __aeabi_memcpy8
                0x020040dc                __ndsabi_memcpy2
 .text.__ndsabi_memcpy1
                0x02004100       0x14 C:/msys64/opt/wonderful/thirdparty/blocksds/core/libs/libnds/lib\libnds9.a(memcpy.s.o)
                0x02004100                __ndsabi_memcpy1
 .text.memcpy   0x02004114       0x10 C:/msys64/opt/wonderful/thirdparty/blocksds/core/libs/libnds/lib\libnds9.a(memcpy.s.o)
                0x02004114                memcpy
 .text.__aeabi_memset
                0x02004124       0x9c C:/msys64/opt/wonderful/thirdparty/blocksds/core/libs/libnds/lib\libnds9.a(memset.s.o)
                0x02004124                __aeabi_memset
                0x02004148                __aeabi_memset8
                0x02004148                __aeabi_memset4
                0x02004154                __ndsabi_wordset4
                0x02004158                __ndsabi_lwordset4
 .text.__ndsabi_memset1
                0x020041c0       0x10 C:/msys64/opt/wonderful/thirdparty/blocksds/core/libs/libnds/lib\libnds9.a(memset.s.o)
                0x020041c0                __ndsabi_memset1
 .text.memset   0x020041d0       0x1c C:/msys64/opt/wonderful/thirdparty/blocksds/core/libs/libnds/lib\libnds9.a(memset.s.o)
                0x020041d0                memset
 .text.__sassert
                0x020041ec       0x90 C:/msys64/opt/wonderful/thirdparty/blocksds/core/libs/libnds/lib\libnds9.a(sassert.c.o)
                0x020041ec                __sassert
 .text.releaseCrashHandler
                0x0200427c       0x7c C:/msys64/opt/wonderful/thirdparty/blocksds/core/libs/libnds/lib\libnds9.a(exceptions.c.o)
 .text.exceptionStatePrint
                0x020042f8       0xf4 C:/msys64/opt/wonderful/thirdparty/blocksds/core/libs/libnds/lib\libnds9.a(exceptions.c.o)
                0x020042f8                exceptionStatePrint
 .text.releaseExceptionHandler
                0x020043ec       0x10 C:/msys64/opt/wonderful/thirdparty/blocksds/core/libs/libnds/lib\libnds9.a(exceptions.c.o)
                0x020043ec                releaseExceptionHandler
 .text.sinLutLookup
                0x020043fc       0x4c C:/msys64/opt/wonderful/thirdparty/blocksds/core/libs/libnds/lib\libnds9.a(trig.c.o)
                0x020043fc                sinLutLookup
 .text.sinLerp  0x02004448       0x38 C:/msys64/opt/wonderful/thirdparty/blocksds/core/libs/libnds/lib\libnds9.a(trig.c.o)
                0x02004448                sinLerp
 .text.cosLerp  0x02004480       0x44 C:/msys64/opt/wonderful/thirdparty/blocksds/core/libs/libnds/lib\libnds9.a(trig.c.o)
                0x02004480                cosLerp
 .text.getCPSR  0x020044c4        0x8 C:/msys64/opt/wonderful/thirdparty/blocksds/core/libs/libnds/lib\libnds9.a(cpu.s.o)
                0x020044c4                getCPSR
 .text.malloc_trim
                0x020044cc       0x9c C:/msys64/opt/wonderful/toolchain/gcc-arm-none-eabi/lib/gcc/arm-none-eabi/15.1.0/../../../../arm-none-eabi/lib/thumb/arm946e-s\libc.a(malloc-free.c.o)
                0x020044cc                malloc_trim
 .text.free     0x02004568      0x164 C:/msys64/opt/wonderful/toolchain/gcc-arm-none-eabi/lib/gcc/arm-none-eabi/15.1.0/../../../../arm-none-eabi/lib/thumb/arm946e-s\libc.a(malloc-free.c.o)
                0x02004568                free
                0x02004568                __malloc_free
 .text.__libc_init_array
                0x020046cc       0x1c C:/msys64/opt/wonderful/toolchain/gcc-arm-none-eabi/lib/gcc/arm-none-eabi/15.1.0/../../../../arm-none-eabi/lib/thumb/arm946e-s\libc.a(libc_misc_init.c.o)
                0x020046cc                __libc_init_array
 .text.exit     0x020046e8        0xe C:/msys64/opt/wonderful/toolchain/gcc-arm-none-eabi/lib/gcc/arm-none-eabi/15.1.0/../../../../arm-none-eabi/lib/thumb/arm946e-s\libc.a(libc_stdlib_pico-exit.c.o)
                0x020046e8                exit
 .text.fflush   0x020046f6       0x10 C:/msys64/opt/wonderful/toolchain/gcc-arm-none-eabi/lib/gcc/arm-none-eabi/15.1.0/../../../../arm-none-eabi/lib/thumb/arm946e-s\libc.a(libc_tinystdio_fflush.c.o)
                0x020046f6                fflush
 *fill*         0x02004706        0x2 ff
 .text.printf   0x02004708       0x20 C:/msys64/opt/wonderful/toolchain/gcc-arm-none-eabi/lib/gcc/arm-none-eabi/15.1.0/../../../../arm-none-eabi/lib/thumb/arm946e-s\libc.a(libc_tinystdio_printf.c.o)
                0x02004708                printf
 .text.putchar  0x02004728       0x10 C:/msys64/opt/wonderful/toolchain/gcc-arm-none-eabi/lib/gcc/arm-none-eabi/15.1.0/../../../../arm-none-eabi/lib/thumb/arm946e-s\libc.a(libc_tinystdio_putchar.c.o)
                0x02004728                putchar_unlocked
                0x02004728                putchar
 .text.puts     0x02004738       0x44 C:/msys64/opt/wonderful/toolchain/gcc-arm-none-eabi/lib/gcc/arm-none-eabi/15.1.0/../../../../arm-none-eabi/lib/thumb/arm946e-s\libc.a(libc_tinystdio_puts.c.o)
                0x02004738                puts
 .text.setvbuf  0x0200477c       0x18 C:/msys64/opt/wonderful/toolchain/gcc-arm-none-eabi/lib/gcc/arm-none-eabi/15.1.0/../../../../arm-none-eabi/lib/thumb/arm946e-s\libc.a(libc_tinystdio_setvbuf.c.o)
                0x0200477c                setvbuf
 .text.__ultoa_invert
                0x02004794       0x52 C:/msys64/opt/wonderful/toolchain/gcc-arm-none-eabi/lib/gcc/arm-none-eabi/15.1.0/../../../../arm-none-eabi/lib/thumb/arm946e-s\libc.a(libc_tinystdio_vfprintf.c.o)
 *fill*         0x020047e6        0x2 ff
 .text.skip_to_arg
                0x020047e8      0x13c C:/msys64/opt/wonderful/toolchain/gcc-arm-none-eabi/lib/gcc/arm-none-eabi/15.1.0/../../../../arm-none-eabi/lib/thumb/arm946e-s\libc.a(libc_tinystdio_vfprintf.c.o)
 .text.vfprintf
                0x02004924      0x9c4 C:/msys64/opt/wonderful/toolchain/gcc-arm-none-eabi/lib/gcc/arm-none-eabi/15.1.0/../../../../arm-none-eabi/lib/thumb/arm946e-s\libc.a(libc_tinystdio_vfprintf.c.o)
                0x02004924                vfprintf
                0x02004924                __d_vfprintf
 .text.vprintf  0x020052e8       0x14 C:/msys64/opt/wonderful/toolchain/gcc-arm-none-eabi/lib/gcc/arm-none-eabi/15.1.0/../../../../arm-none-eabi/lib/thumb/arm946e-s\libc.a(libc_tinystdio_vprintf.c.o)
                0x020052e8                vprintf
 .text.mulShiftAll64
                0x020052fc      0x202 C:/msys64/opt/wonderful/toolchain/gcc-arm-none-eabi/lib/gcc/arm-none-eabi/15.1.0/../../../../arm-none-eabi/lib/thumb/arm946e-s\libc.a(libc_tinystdio_dtoa_ryu.c.o)
 *fill*         0x020054fe        0x2 ff
 .text.div10    0x02005500       0x28 C:/msys64/opt/wonderful/toolchain/gcc-arm-none-eabi/lib/gcc/arm-none-eabi/15.1.0/../../../../arm-none-eabi/lib/thumb/arm946e-s\libc.a(libc_tinystdio_dtoa_ryu.c.o)
 .text.__dtoa_engine
                0x02005528      0x4b8 C:/msys64/opt/wonderful/toolchain/gcc-arm-none-eabi/lib/gcc/arm-none-eabi/15.1.0/../../../../arm-none-eabi/lib/thumb/arm946e-s\libc.a(libc_tinystdio_dtoa_ryu.c.o)
                0x02005528                __dtoa_engine
 .text.__log10Pow2
                0x020059e0        0xc C:/msys64/opt/wonderful/toolchain/gcc-arm-none-eabi/lib/gcc/arm-none-eabi/15.1.0/../../../../arm-none-eabi/lib/thumb/arm946e-s\libc.a(libc_tinystdio_ryu_log10.c.o)
                0x020059e0                __log10Pow2
 .text.__log10Pow5
                0x020059ec        0xc C:/msys64/opt/wonderful/toolchain/gcc-arm-none-eabi/lib/gcc/arm-none-eabi/15.1.0/../../../../arm-none-eabi/lib/thumb/arm946e-s\libc.a(libc_tinystdio_ryu_log10.c.o)
                0x020059ec                __log10Pow5
 .text.__pow5bits
                0x020059f8       0x10 C:/msys64/opt/wonderful/toolchain/gcc-arm-none-eabi/lib/gcc/arm-none-eabi/15.1.0/../../../../arm-none-eabi/lib/thumb/arm946e-s\libc.a(libc_tinystdio_ryu_pow5bits.c.o)
                0x020059f8                __pow5bits
 .text.__pow5Factor
                0x02005a08       0x2c C:/msys64/opt/wonderful/toolchain/gcc-arm-none-eabi/lib/gcc/arm-none-eabi/15.1.0/../../../../arm-none-eabi/lib/thumb/arm946e-s\libc.a(libc_tinystdio_ryu_table.c.o)
                0x02005a08                __pow5Factor
 .text.__double_computePow5
                0x02005a34      0x100 C:/msys64/opt/wonderful/toolchain/gcc-arm-none-eabi/lib/gcc/arm-none-eabi/15.1.0/../../../../arm-none-eabi/lib/thumb/arm946e-s\libc.a(libc_tinystdio_ryu_table.c.o)
                0x02005a34                __double_computePow5
 .text.__double_computeInvPow5
                0x02005b34       0xfc C:/msys64/opt/wonderful/toolchain/gcc-arm-none-eabi/lib/gcc/arm-none-eabi/15.1.0/../../../../arm-none-eabi/lib/thumb/arm946e-s\libc.a(libc_tinystdio_ryu_table.c.o)
                0x02005b34                __double_computeInvPow5
 .text.__umul128
                0x02005c30       0x6c C:/msys64/opt/wonderful/toolchain/gcc-arm-none-eabi/lib/gcc/arm-none-eabi/15.1.0/../../../../arm-none-eabi/lib/thumb/arm946e-s\libc.a(libc_tinystdio_ryu_umul128.c.o)
                0x02005c30                __umul128
 .text.__shiftright128
                0x02005c9c       0x28 C:/msys64/opt/wonderful/toolchain/gcc-arm-none-eabi/lib/gcc/arm-none-eabi/15.1.0/../../../../arm-none-eabi/lib/thumb/arm946e-s\libc.a(libc_tinystdio_ryu_umul128.c.o)
                0x02005c9c                __shiftright128
 .text.__libc_fini_array
                0x02005cc4       0x1c C:/msys64/opt/wonderful/toolchain/gcc-arm-none-eabi/lib/gcc/arm-none-eabi/15.1.0/../../../../arm-none-eabi/lib/thumb/arm946e-s\libc.a(libc_misc_fini.c.o)
                0x02005cc4                __libc_fini_array
 .text.strnlen  0x02005ce0       0x16 C:/msys64/opt/wonderful/toolchain/gcc-arm-none-eabi/lib/gcc/arm-none-eabi/15.1.0/../../../../arm-none-eabi/lib/thumb/arm946e-s\libc.a(libc_string_strnlen.c.o)
                0x02005ce0                strnlen
 *fill*         0x02005cf6        0x2 ff
 .text.__dtox_engine
                0x02005cf8      0x12c C:/msys64/opt/wonderful/toolchain/gcc-arm-none-eabi/lib/gcc/arm-none-eabi/15.1.0/../../../../arm-none-eabi/lib/thumb/arm946e-s\libc.a(libc_tinystdio_dtox_engine.c.o)
                0x02005cf8                __dtox_engine
 .text.putc     0x02005e24       0x2c C:/msys64/opt/wonderful/toolchain/gcc-arm-none-eabi/lib/gcc/arm-none-eabi/15.1.0/../../../../arm-none-eabi/lib/thumb/arm946e-s\libc.a(libc_tinystdio_fputc.c.o)
                0x02005e24                putc
                0x02005e24                fputc
                0x02005e24                putc_unlocked
 .text.putc.__stub
                0x02005e50       0x30 linker stubs
 *(EXCLUDE_FILE(*.twl*) .gnu.warning)
 *(EXCLUDE_FILE(*.twl*) .gnu.linkonce.t*)
 *(.glue_7)
 .glue_7        0x02005e80        0x0 linker stubs
 *(.glue_7t)
 .glue_7t       0x02005e80        0x0 linker stubs
                0x02005e80                        . = ALIGN (0x4)

.vfp11_veneer   0x02005e80        0x0
 .vfp11_veneer  0x02005e80        0x0 linker stubs

.v4_bx          0x02005e80        0x0
 .v4_bx         0x02005e80        0x0 linker stubs

.iplt           0x02005e80        0x0
 .iplt          0x02005e80        0x0 C:/msys64/opt/wonderful/thirdparty/blocksds/core/sys/crts/ds_arm9_crt0.o

.fini           0x02005e80        0x8
 *(.fini)
 .fini          0x02005e80        0x8 C:/msys64/opt/wonderful/toolchain/gcc-arm-none-eabi/lib/gcc/arm-none-eabi/15.1.0/thumb/arm946e-s/crtn.o
                0x02005e88                        __text_end = .

.rodata         0x02005e88     0x43b0
 *(EXCLUDE_FILE(*.twl*) .rodata)
 .rodata        0x02005e88       0x40 C:/msys64/opt/wonderful/thirdparty/blocksds/core/libs/libnds/lib\libnds9.a(exceptions.c.o)
 .rodata        0x02005ec8      0x340 C:/msys64/opt/wonderful/toolchain/gcc-arm-none-eabi/lib/gcc/arm-none-eabi/15.1.0/../../../../arm-none-eabi/lib/thumb/arm946e-s\libc.a(libc_tinystdio_ryu_table.c.o)
 *all.rodata*(*)
 *(EXCLUDE_FILE(*.twl*) .roda)
 *(EXCLUDE_FILE(*.twl*) .rodata.*)
 .rodata.keyboardGfxPal
                0x02006208       0x20 build/keyboard_custom/graphics/keyboardGfx.png.o
                0x02006208                keyboardGfxPal
 .rodata.keyboardGfxMap
                0x02006228      0xc00 build/keyboard_custom/graphics/keyboardGfx.png.o
                0x02006228                keyboardGfxMap
 .rodata.keyboardGfxTiles
                0x02006e28     0x25d4 build/keyboard_custom/graphics/keyboardGfx.png.o
                0x02006e28                keyboardGfxTiles
 .rodata.main.str1.4
                0x020093fc      0x208 build/keyboard_custom/source/main.c.o
                                 0x74 (size before relaxing)
 .rodata.customKeyboard
                0x02009604       0x40 build/keyboard_custom/source/main.c.o
 .rodata.capsOff
                0x02009644       0x10 build/keyboard_custom/source/main.c.o
 .rodata.capsOn
                0x02009654       0x10 build/keyboard_custom/source/main.c.o
 .rodata.KbdUpper
                0x02009664      0x300 build/keyboard_custom/source/main.c.o
 .rodata.KbdLower
                0x02009964      0x300 build/keyboard_custom/source/main.c.o
 .rodata.con_write
                0x02009c64      0x118 C:/msys64/opt/wonderful/thirdparty/blocksds/core/libs/libnds/lib\libnds9.a(console.c.o)
 .rodata.stderr
                0x02009d7c        0x4 C:/msys64/opt/wonderful/thirdparty/blocksds/core/libs/libnds/lib\libnds9.a(iob.c.o)
                0x02009d7c                stderr
 .rodata.stdout
                0x02009d80        0x4 C:/msys64/opt/wonderful/thirdparty/blocksds/core/libs/libnds/lib\libnds9.a(iob.c.o)
                0x02009d80                stdout
 .rodata.systemValueHandler.str1.4
                0x02009d84       0x2b C:/msys64/opt/wonderful/thirdparty/blocksds/core/libs/libnds/lib\libnds9.a(system.c.o)
 .rodata.systemValueHandler
                0x02009d84       0x10 C:/msys64/opt/wonderful/thirdparty/blocksds/core/libs/libnds/lib\libnds9.a(system.c.o)
 .rodata.bgTransform
                0x02009d94       0x20 C:/msys64/opt/wonderful/thirdparty/blocksds/core/libs/libnds/lib\libnds9.a(background.c.o)
                0x02009d94                bgTransform
 .rodata.bgScrollTable
                0x02009db4       0x20 C:/msys64/opt/wonderful/thirdparty/blocksds/core/libs/libnds/lib\libnds9.a(background.c.o)
                0x02009db4                bgScrollTable
 .rodata.bgControl
                0x02009dd4       0x20 C:/msys64/opt/wonderful/thirdparty/blocksds/core/libs/libnds/lib\libnds9.a(background.c.o)
                0x02009dd4                bgControl
 .rodata.__func__.0
                0x02009df4       0x19 C:/msys64/opt/wonderful/thirdparty/blocksds/core/libs/libnds/lib\libnds9.a(threads.c.o)
 *fill*         0x02009e0d        0x3 ff
 .rodata.decompress
                0x02009e10       0x14 C:/msys64/opt/wonderful/thirdparty/blocksds/core/libs/libnds/lib\libnds9.a(decompress.c.o)
 .rodata.fifoReadRxFifoAndProcessBuffer.str1.4
                0x02009e24       0x15 C:/msys64/opt/wonderful/thirdparty/blocksds/core/libs/libnds/lib\libnds9.a(fifosystem.c.o)
 .rodata.__retarget_lock_release_recursive.str1.4
                0x02009e24        0xd C:/msys64/opt/wonderful/thirdparty/blocksds/core/libs/libnds/lib\libnds9.a(locks.c.o)
 .rodata.default_fontTiles
                0x02009e24      0x300 C:/msys64/opt/wonderful/thirdparty/blocksds/core/libs/libnds/lib\libnds9.a(default_font.png.o)
                0x02009e24                default_fontTiles
 .rodata.__sassert.str1.4
                0x0200a124       0x73 C:/msys64/opt/wonderful/thirdparty/blocksds/core/libs/libnds/lib\libnds9.a(sassert.c.o)
 .rodata.releaseCrashHandler.str1.4
                0x0200a124       0x33 C:/msys64/opt/wonderful/thirdparty/blocksds/core/libs/libnds/lib\libnds9.a(exceptions.c.o)
 .rodata.exceptionStatePrint.str1.4
                0x0200a124       0x58 C:/msys64/opt/wonderful/thirdparty/blocksds/core/libs/libnds/lib\libnds9.a(exceptions.c.o)
 .rodata.str1.4
                0x0200a124       0x40 C:/msys64/opt/wonderful/thirdparty/blocksds/core/libs/libnds/lib\libnds9.a(exceptions.c.o)
 .rodata.SIN_LUT
                0x0200a124      0x102 C:/msys64/opt/wonderful/thirdparty/blocksds/core/libs/libnds/lib\libnds9.a(trig.c.o)
                0x0200a124                SIN_LUT
 .rodata.str1.1
                0x0200a226        0xf C:/msys64/opt/wonderful/toolchain/gcc-arm-none-eabi/lib/gcc/arm-none-eabi/15.1.0/../../../../arm-none-eabi/lib/thumb/arm946e-s\libc.a(libc_tinystdio_vfprintf.c.o)
 *(EXCLUDE_FILE(*.twl*) .gnu.linkonce.r*)
                0x0200a238                        . = ALIGN (0x4)
 *fill*         0x0200a235        0x3 ff

.ARM.extab
 *(.ARM.extab* .gnu.linkonce.armextab.*)
                0x0200a238                        __exidx_start = .

ARM.exidx       0x0200a238        0x8
 *(.ARM.exidx* .gnu.linkonce.armexidx.*)
 .ARM.exidx     0x0200a238        0x8 C:/msys64/opt/wonderful/toolchain/gcc-arm-none-eabi/lib/gcc/arm-none-eabi/15.1.0/thumb/arm946e-s\libgcc.a(_udivmoddi4.o)
                0x0200a240                        __exidx_end = .
                0x0200a240                        . = ALIGN (0x4)

.init_array     0x0200a240        0x0
                [!provide]                        PROVIDE (__preinit_array_start = .)
                0x0200a240                        PROVIDE (__bothinit_array_start = .)
 *(.preinit_array)
                [!provide]                        PROVIDE (__preinit_array_end = .)
                [!provide]                        PROVIDE (__init_array_start = .)
 *(SORT_BY_INIT_PRIORITY(.init_array.*) SORT_BY_INIT_PRIORITY(.ctors.*))
 *(.init_array EXCLUDE_FILE(*crtend?.o *crtend.o *crtbegin?.o *crtbegin.o) .ctors)
                [!provide]                        PROVIDE (__init_array_end = .)
                0x0200a240                        PROVIDE (__bothinit_array_end = .)

.fini_array     0x0200a240        0x0
                0x0200a240                        PROVIDE (__fini_array_start = .)
 *(SORT_BY_INIT_PRIORITY(.fini_array.*) SORT_BY_INIT_PRIORITY(.dtors.*))
 *(.fini_array EXCLUDE_FILE(*crtend?.o *crtend.o *crtbegin?.o *crtbegin.o) .dtors)
 *(.fini_array*)
                0x0200a240                        PROVIDE (__fini_array_end = .)

.ctors          0x0200a240        0x0
 *crtbegin.o(.ctors)
 *crtbegin?.o(.ctors)
 *(EXCLUDE_FILE(*crtend?.o *crtend.o) .ctors)
 *(SORT_BY_NAME(.ctors.*))
 *(.ctors)
                0x0200a240                        . = ALIGN (0x4)

.dtors          0x0200a240        0x0
 *crtbegin.o(.dtors)
 *crtbegin?.o(.dtors)
 *(EXCLUDE_FILE(*crtend?.o *crtend.o) .dtors)
 *(SORT_BY_NAME(.dtors.*))
 *(.dtors)
                0x0200a240                        . = ALIGN (0x4)

.eh_frame       0x0200a240        0x4
 *(.eh_frame)
 .eh_frame      0x0200a240        0x4 C:/msys64/opt/wonderful/toolchain/gcc-arm-none-eabi/lib/gcc/arm-none-eabi/15.1.0/thumb/arm946e-s/crtend.o
                0x0200a244                        . = ALIGN (0x4)

.rel.dyn        0x0200a244        0x0
 .rel.iplt      0x0200a244        0x0 C:/msys64/opt/wonderful/thirdparty/blocksds/core/sys/crts/ds_arm9_crt0.o

.gcc_except_table
                0x0200a244        0x0
 *(.gcc_except_table .gcc_except_table.*)
                0x0200a244                        . = ALIGN (0x4)

.got            0x0200a244       0x10
 *(.got.plt)
 .got.plt       0x0200a244        0xc C:/msys64/opt/wonderful/thirdparty/blocksds/core/sys/crts/ds_arm9_crt0.o
                0x0200a244                _GLOBAL_OFFSET_TABLE_
 *(.got)
 .got           0x0200a250        0x4 C:/msys64/opt/wonderful/thirdparty/blocksds/core/sys/crts/ds_arm9_crt0.o
 *(.rel.got)
 .rel.got       0x0200a254        0x0 C:/msys64/opt/wonderful/thirdparty/blocksds/core/sys/crts/ds_arm9_crt0.o

.ewram          0x0200a254        0x0
                0x0200a254                        __ewram_start = ABSOLUTE (.)
 *(.ewram)
 *ewram.*(.text)
                0x0200a254                        . = ALIGN (0x4)

.data           0x0200a254      0x480
                0x0200a254                        __data_start = ABSOLUTE (.)
 *(EXCLUDE_FILE(*.twl*) .data)
 .data          0x0200a254       0x28 C:/msys64/opt/wonderful/thirdparty/blocksds/core/libs/libnds/lib\libnds9.a(mpu_setup.s.o)
 .data          0x0200a27c      0x410 C:/msys64/opt/wonderful/toolchain/gcc-arm-none-eabi/lib/gcc/arm-none-eabi/15.1.0/../../../../arm-none-eabi/lib/thumb/arm946e-s\libc.a(malloc-malloc.c.o)
                0x0200a27c                __malloc_sbrk_base
                0x0200a280                __malloc_trim_threshold
                0x0200a284                __malloc_av_
 *(EXCLUDE_FILE(*.twl*) .data.*)
 .data.firstConsoleInit.0
                0x0200a68c        0x1 C:/msys64/opt/wonderful/thirdparty/blocksds/core/libs/libnds/lib\libnds9.a(console.c.o)
 *fill*         0x0200a68d        0x3 ff
 .data.currentConsole
                0x0200a690        0x4 C:/msys64/opt/wonderful/thirdparty/blocksds/core/libs/libnds/lib\libnds9.a(console.c.o)
 .data.lastKey  0x0200a694        0x2 C:/msys64/opt/wonderful/thirdparty/blocksds/core/libs/libnds/lib\libnds9.a(keyboard.c.o)
                0x0200a694                lastKey
 *fill*         0x0200a696        0x2 ff
 .data.__stderr
                0x0200a698       0x10 C:/msys64/opt/wonderful/thirdparty/blocksds/core/libs/libnds/lib\libnds9.a(iob.c.o)
 .data.__stdout
                0x0200a6a8       0x10 C:/msys64/opt/wonderful/thirdparty/blocksds/core/libs/libnds/lib\libnds9.a(iob.c.o)
 .data.count    0x0200a6b8        0x1 C:/msys64/opt/wonderful/thirdparty/blocksds/core/libs/libnds/lib\libnds9.a(keys.c.o)
 .data.repeat   0x0200a6b9        0x1 C:/msys64/opt/wonderful/thirdparty/blocksds/core/libs/libnds/lib\libnds9.a(keys.c.o)
 .data.delay    0x0200a6ba        0x1 C:/msys64/opt/wonderful/thirdparty/blocksds/core/libs/libnds/lib\libnds9.a(keys.c.o)
 *fill*         0x0200a6bb        0x1 ff
 .data.latchedArm7Buttons
                0x0200a6bc        0x2 C:/msys64/opt/wonderful/thirdparty/blocksds/core/libs/libnds/lib\libnds9.a(keys.c.o)
 .data.receivedArm7Buttons
                0x0200a6be        0x2 C:/msys64/opt/wonderful/thirdparty/blocksds/core/libs/libnds/lib\libnds9.a(keys.c.o)
 .data.decomStream
                0x0200a6c0       0x14 C:/msys64/opt/wonderful/thirdparty/blocksds/core/libs/libnds/lib\libnds9.a(decompress.c.o)
                0x0200a6c0                decomStream
 *(EXCLUDE_FILE(*.twl*) .gnu.linkonce.d*)
                0x0200a6d4                        . = ALIGN (0x4)

.igot.plt       0x0200a6d4        0x0
 .igot.plt      0x0200a6d4        0x0 C:/msys64/opt/wonderful/thirdparty/blocksds/core/sys/crts/ds_arm9_crt0.o

.tdata          0x0200a6d4        0x0
                0x0200a6d4                        __tdata_start = ABSOLUTE (.)
 *(.tdata .tdata.* .gnu.linkonce.td.*)
                0x0200a6d4                        . = ALIGN (0x4)
                0x0200a6d4                        __tdata_end = ABSOLUTE (.)
                0x0200a6d4                        __data_end = .
                0x00000000                        __tdata_size = (__tdata_end - __tdata_start)

.tbss           0x0200a6d4        0x4
                0x0200a6d4                        __tbss_start = ABSOLUTE (.)
 *(.tbss .tbss.* .gnu.linkonce.tb.*)
 .tbss          0x0200a6d4        0x4 C:/msys64/opt/wonderful/toolchain/gcc-arm-none-eabi/lib/gcc/arm-none-eabi/15.1.0/../../../../arm-none-eabi/lib/thumb/arm946e-s\libc.a(libc_errno_errno.c.o)
                0x0200a6d4                errno
 *(.tcommon)
                0x0200a6d8                        . = ALIGN (0x4)
                0x0200a6d8                        __tbss_end = ABSOLUTE (.)
                0x00000004                        __tbss_size = (__tbss_end - __tbss_start)
                0x0200a6d4                        __bss_vma = .

.dtcm           0x02ff0000        0x0 load address 0x0200a6d4
                0x0200a6d4                        __dtcm_lma = LOADADDR (.dtcm)
 *(.dtcm)
 *(.dtcm.*)
                0x02ff0000                        . = ALIGN (0x4)
                0x02ff0000                        __dtcm_end = ABSOLUTE (.)

.itcm           0x01000000      0x388 load address 0x0200a6d4
                0x0200a6d4                        __itcm_lma = LOADADDR (.itcm)
                0x01000000                        __itcm_start = ABSOLUTE (.)
 *(.vectors .vectors.*)
 *(.itcm)
 *(.itcm.*)
 .itcm.text     0x01000000       0x8c C:/msys64/opt/wonderful/thirdparty/blocksds/core/libs/libnds/lib\libnds9.a(cache.c.o)
                0x01000000                CP15_CleanAndFlushDCacheRange
                0x01000034                CP15_FlushDCacheRange
                0x01000060                CP15_FlushICacheRange
 .itcm.data     0x0100008c        0x4 C:/msys64/opt/wonderful/thirdparty/blocksds/core/libs/libnds/lib\libnds9.a(threads.c.o)
                0x0100008c                __tls
 .itcm.bss      0x01000090       0x88 C:/msys64/opt/wonderful/thirdparty/blocksds/core/libs/libnds/lib\libnds9.a(threads.c.o)
                0x01000090                cothread_threads_wait_irq_count
                0x01000094                cothread_threads_count
                0x01000098                cothread_list_irq
 .itcm.data     0x01000118       0x80 C:/msys64/opt/wonderful/thirdparty/blocksds/core/libs/libnds/lib\libnds9.a(interrupts.c.o)
                0x01000118                irqTable
 .itcm.text     0x01000198       0x90 C:/msys64/opt/wonderful/thirdparty/blocksds/core/libs/libnds/lib\libnds9.a(swiIntrWait.c.o)
                0x01000198                swiIntrWait
                0x0100021c                swiWaitForVBlank
 .itcm.setCpuClock
                0x01000228       0x50 C:/msys64/opt/wonderful/thirdparty/blocksds/core/libs/libnds/lib\libnds9.a(cpu_clock.s.o)
                0x01000228                setCpuClock
 .itcm.IntrMain
                0x01000278      0x110 C:/msys64/opt/wonderful/thirdparty/blocksds/core/libs/libnds/lib\libnds9.a(interruptDispatcher.s.o)
                0x01000278                IntrMain
                0x01000384                irq_nesting_level
 *.itcm*(.text .stub .text.*)
                0x01000388                        . = ALIGN (0x4)
                0x01000388                        __itcm_end = ABSOLUTE (.)

.sbss           0x02ff0000        0x0
                0x02ff0000                        __sbss_start = ABSOLUTE (.)
                0x02ff0000                        __sbss_start__ = ABSOLUTE (.)
 *(.sbss)
 *(.sbss.*)
                0x02ff0000                        . = ALIGN (0x4)
                0x02ff0000                        __sbss_end = ABSOLUTE (.)

.bss            0x0200a6d4      0xd14
                0x0200a6d4                        __bss_start = ABSOLUTE (.)
                0x0200a6d4                        __bss_start__ = ABSOLUTE (.)
 *(EXCLUDE_FILE(*.twl*) .dynbss)
 *(EXCLUDE_FILE(*.twl*) .gnu.linkonce.b*)
 *(EXCLUDE_FILE(*.twl*) .bss*)
 .bss.arm7console
                0x0200a6d4        0x4 C:/msys64/opt/wonderful/thirdparty/blocksds/core/libs/libnds/lib\libnds9.a(console.c.o)
 .bss.arm7con   0x0200a6d8        0x4 C:/msys64/opt/wonderful/thirdparty/blocksds/core/libs/libnds/lib\libnds9.a(console.c.o)
 .bss.libnds_stderr_write
                0x0200a6dc        0x4 C:/msys64/opt/wonderful/thirdparty/blocksds/core/libs/libnds/lib\libnds9.a(console.c.o)
                0x0200a6dc                libnds_stderr_write
 .bss.libnds_stdout_write
                0x0200a6e0        0x4 C:/msys64/opt/wonderful/thirdparty/blocksds/core/libs/libnds/lib\libnds9.a(console.c.o)
                0x0200a6e0                libnds_stdout_write
 .bss.currentCopy
                0x0200a6e4       0x40 C:/msys64/opt/wonderful/thirdparty/blocksds/core/libs/libnds/lib\libnds9.a(console.c.o)
 .bss.pressed.0
                0x0200a724        0x4 C:/msys64/opt/wonderful/thirdparty/blocksds/core/libs/libnds/lib\libnds9.a(keyboard.c.o)
 .bss.oldKeys.1
                0x0200a728        0x4 C:/msys64/opt/wonderful/thirdparty/blocksds/core/libs/libnds/lib\libnds9.a(keyboard.c.o)
 .bss.curKeyboard
                0x0200a72c       0x40 C:/msys64/opt/wonderful/thirdparty/blocksds/core/libs/libnds/lib\libnds9.a(keyboard.c.o)
 .bss.curKeyboardOriginal
                0x0200a76c        0x4 C:/msys64/opt/wonderful/thirdparty/blocksds/core/libs/libnds/lib\libnds9.a(keyboard.c.o)
 .bss.keyboardLoaded
                0x0200a770        0x1 C:/msys64/opt/wonderful/thirdparty/blocksds/core/libs/libnds/lib\libnds9.a(keyboard.c.o)
 *fill*         0x0200a771        0x1 
 .bss.stderr_buf_len
                0x0200a772        0x2 C:/msys64/opt/wonderful/thirdparty/blocksds/core/libs/libnds/lib\libnds9.a(iob.c.o)
 .bss.stdout_buf_len
                0x0200a774        0x2 C:/msys64/opt/wonderful/thirdparty/blocksds/core/libs/libnds/lib\libnds9.a(iob.c.o)
 *fill*         0x0200a776        0x2 
 .bss.stderr_buf
                0x0200a778       0x11 C:/msys64/opt/wonderful/thirdparty/blocksds/core/libs/libnds/lib\libnds9.a(iob.c.o)
 *fill*         0x0200a789        0x3 
 .bss.stdout_buf
                0x0200a78c       0x11 C:/msys64/opt/wonderful/thirdparty/blocksds/core/libs/libnds/lib\libnds9.a(iob.c.o)
 .bss.stdin_buf_empty
                0x0200a79d        0x1 C:/msys64/opt/wonderful/thirdparty/blocksds/core/libs/libnds/lib\libnds9.a(iob.c.o)
                0x0200a79d                stdin_buf_empty
 *fill*         0x0200a79e        0x2 
 .bss.punixTime
                0x0200a7a0        0x4 C:/msys64/opt/wonderful/thirdparty/blocksds/core/libs/libnds/lib\libnds9.a(initSystem.c.o)
                0x0200a7a0                punixTime
 .bss.__debugger_unit
                0x0200a7a4        0x1 C:/msys64/opt/wonderful/thirdparty/blocksds/core/libs/libnds/lib\libnds9.a(initSystem.c.o)
                0x0200a7a4                __debugger_unit
 .bss.__dsimode
                0x0200a7a5        0x1 C:/msys64/opt/wonderful/thirdparty/blocksds/core/libs/libnds/lib\libnds9.a(initSystem.c.o)
                0x0200a7a5                __dsimode
 .bss.keysrepeat
                0x0200a7a6        0x2 C:/msys64/opt/wonderful/thirdparty/blocksds/core/libs/libnds/lib\libnds9.a(keys.c.o)
 .bss.keysup    0x0200a7a8        0x2 C:/msys64/opt/wonderful/thirdparty/blocksds/core/libs/libnds/lib\libnds9.a(keys.c.o)
 .bss.keysdown  0x0200a7aa        0x2 C:/msys64/opt/wonderful/thirdparty/blocksds/core/libs/libnds/lib\libnds9.a(keys.c.o)
 .bss.keys      0x0200a7ac        0x2 C:/msys64/opt/wonderful/thirdparty/blocksds/core/libs/libnds/lib\libnds9.a(keys.c.o)
 *fill*         0x0200a7ae        0x2 
 .bss.latchedTouchPosition
                0x0200a7b0        0xc C:/msys64/opt/wonderful/thirdparty/blocksds/core/libs/libnds/lib\libnds9.a(keys.c.o)
 .bss.receivedTouchPosition
                0x0200a7bc        0xc C:/msys64/opt/wonderful/thirdparty/blocksds/core/libs/libnds/lib\libnds9.a(keys.c.o)
 .bss.SDcallback
                0x0200a7c8        0x4 C:/msys64/opt/wonderful/thirdparty/blocksds/core/libs/libnds/lib\libnds9.a(system.c.o)
 .bss.bgIsTextLut
                0x0200a7cc        0x8 C:/msys64/opt/wonderful/thirdparty/blocksds/core/libs/libnds/lib\libnds9.a(background.c.o)
                0x0200a7cc                bgIsTextLut
 .bss.bgState   0x0200a7d4      0x140 C:/msys64/opt/wonderful/thirdparty/blocksds/core/libs/libnds/lib\libnds9.a(background.c.o)
                0x0200a7d4                bgState
 .bss.main_args
                0x0200a914        0x8 C:/msys64/opt/wonderful/thirdparty/blocksds/core/libs/libnds/lib\libnds9.a(threads.c.o)
 .bss.cothread_list
                0x0200a91c       0x1c C:/msys64/opt/wonderful/thirdparty/blocksds/core/libs/libnds/lib\libnds9.a(threads.c.o)
 .bss.cothread_active_thread
                0x0200a938        0x4 C:/msys64/opt/wonderful/thirdparty/blocksds/core/libs/libnds/lib\libnds9.a(threads.c.o)
 .bss.free_fn   0x0200a93c        0x4 C:/msys64/opt/wonderful/thirdparty/blocksds/core/libs/libnds/lib\libnds9.a(threads.c.o)
 .bss.exceptionMsg
                0x0200a940        0x4 C:/msys64/opt/wonderful/thirdparty/blocksds/core/libs/libnds/lib\libnds9.a(exceptions.c.o)
                0x0200a940                exceptionMsg
 .bss.fifo_rx_processing
                0x0200a944        0x1 C:/msys64/opt/wonderful/thirdparty/blocksds/core/libs/libnds/lib\libnds9.a(fifosystem.c.o)
 *fill*         0x0200a945        0x3 
 .bss.fifo_datamsg_data
                0x0200a948       0x40 C:/msys64/opt/wonderful/thirdparty/blocksds/core/libs/libnds/lib\libnds9.a(fifosystem.c.o)
 .bss.fifo_value32_data
                0x0200a988       0x40 C:/msys64/opt/wonderful/thirdparty/blocksds/core/libs/libnds/lib\libnds9.a(fifosystem.c.o)
 .bss.fifo_address_data
                0x0200a9c8       0x40 C:/msys64/opt/wonderful/thirdparty/blocksds/core/libs/libnds/lib\libnds9.a(fifosystem.c.o)
 .bss.fifo_datamsg_func
                0x0200aa08       0x40 C:/msys64/opt/wonderful/thirdparty/blocksds/core/libs/libnds/lib\libnds9.a(fifosystem.c.o)
 .bss.fifo_value32_func
                0x0200aa48       0x40 C:/msys64/opt/wonderful/thirdparty/blocksds/core/libs/libnds/lib\libnds9.a(fifosystem.c.o)
 .bss.fifo_address_func
                0x0200aa88       0x40 C:/msys64/opt/wonderful/thirdparty/blocksds/core/libs/libnds/lib\libnds9.a(fifosystem.c.o)
 .bss.fifo_rx_queue
                0x0200aac8        0x4 C:/msys64/opt/wonderful/thirdparty/blocksds/core/libs/libnds/lib\libnds9.a(fifosystem.c.o)
 .bss.fifo_tx_queue
                0x0200aacc        0x4 C:/msys64/opt/wonderful/thirdparty/blocksds/core/libs/libnds/lib\libnds9.a(fifosystem.c.o)
 .bss.fifo_free_queue
                0x0200aad0        0x4 C:/msys64/opt/wonderful/thirdparty/blocksds/core/libs/libnds/lib\libnds9.a(fifosystem.c.o)
 .bss.fifo_value32_queue
                0x0200aad4       0x40 C:/msys64/opt/wonderful/thirdparty/blocksds/core/libs/libnds/lib\libnds9.a(fifosystem.c.o)
 .bss.fifo_data_queue
                0x0200ab14       0x40 C:/msys64/opt/wonderful/thirdparty/blocksds/core/libs/libnds/lib\libnds9.a(fifosystem.c.o)
 .bss.fifo_address_queue
                0x0200ab54       0x40 C:/msys64/opt/wonderful/thirdparty/blocksds/core/libs/libnds/lib\libnds9.a(fifosystem.c.o)
 .bss.global_pool_free_words
                0x0200ab94        0x4 C:/msys64/opt/wonderful/thirdparty/blocksds/core/libs/libnds/lib\libnds9.a(fifosystem.c.o)
 .bss.global_fifo_pool
                0x0200ab98      0x800 C:/msys64/opt/wonderful/thirdparty/blocksds/core/libs/libnds/lib\libnds9.a(fifosystem.c.o)
 .bss.__lock___libc_recursive_mutex
                0x0200b398       0x10 C:/msys64/opt/wonderful/thirdparty/blocksds/core/libs/libnds/lib\libnds9.a(locks.c.o)
                0x0200b398                __lock___libc_recursive_mutex
 .bss.heap_start
                0x0200b3a8        0x4 C:/msys64/opt/wonderful/thirdparty/blocksds/core/libs/libnds/lib\libnds9.a(sbrk.c.o)
 .bss.fake_heap_start
                0x0200b3ac        0x4 C:/msys64/opt/wonderful/thirdparty/blocksds/core/libs/libnds/lib\libnds9.a(sbrk.c.o)
                0x0200b3ac                fake_heap_start
 .bss.fake_heap_end
                0x0200b3b0        0x4 C:/msys64/opt/wonderful/thirdparty/blocksds/core/libs/libnds/lib\libnds9.a(sbrk.c.o)
                0x0200b3b0                fake_heap_end
 .bss           0x0200b3b4       0x34 C:/msys64/opt/wonderful/toolchain/gcc-arm-none-eabi/lib/gcc/arm-none-eabi/15.1.0/../../../../arm-none-eabi/lib/thumb/arm946e-s\libc.a(malloc-malloc.c.o)
                0x0200b3b4                __malloc_top_pad
                0x0200b3b8                __malloc_current_mallinfo
                0x0200b3e0                __malloc_max_sbrked_mem
                0x0200b3e4                __malloc_max_total_mem
 *(EXCLUDE_FILE(*.twl*) COMMON)
                0x0200b3e8                        . = ALIGN (0x4)
                0x0200b3e8                        __bss_end__ = ABSOLUTE (.)

.noinit         0x0200b3e8        0x0
                0x0200b3e8                        __noinit_start = ABSOLUTE (.)
 *(EXCLUDE_FILE(*.twl*) .noinit)
 *(EXCLUDE_FILE(*.twl*) .noinit.*)
 *(EXCLUDE_FILE(*.twl*) .gnu.linkonce.n.*)
                0x0200b3e8                        . = ALIGN (0x4)
                0x0200b3e8                        __noinit_end = ABSOLUTE (.)

.tls            0x0200b3e8        0x4
                0x0200b3e8                        __tls_start = ABSOLUTE (.)
                0x0200b3ec                        . = ((. + __tdata_size) + __tbss_size)
 *fill*         0x0200b3e8        0x4 
                0x0200b3ec                        __tls_end = ABSOLUTE (.)
                0x0200b3ec                        __end__ = ABSOLUTE (.)
                0x00000004                        __tls_size = (__tls_end - __tls_start)

.twl            0x0200b3ec        0x0 load address 0x02400000
                0x02400000                        __arm9i_lma__ = LOADADDR (.twl)
                0x0200b3ec                        __arm9i_start__ = ABSOLUTE (.)
 *(.twl)
 *(.twl.text .twl.text.*)
 *(.twl.rodata .twl.rodata.*)
 *(.twl.data .twl.data.*)
 *.twl*(.text .stub .text.* .gnu.linkonce.t.*)
 *.twl*(.rodata)
 *.twl*(.roda)
 *.twl*(.rodata.*)
 *.twl*(.data)
 *.twl*(.data.*)
 *.twl*(.gnu.linkonce.d*)
                0x0200b3ec                        __arm9i_end__ = ABSOLUTE (.)

.twl_bss        0x0200b3ec        0x0
                0x0200b3ec                        __twl_bss_start__ = ABSOLUTE (.)
 *(.twl_bss .twl_bss.*)
 *(.twl.bss .twl.bss.*)
 *.twl*(.dynbss)
 *.twl*(.gnu.linkonce.b*)
 *.twl*(.bss*)
 *.twl*(COMMON)
                0x0200b3ec                        . = ALIGN (0x4)
                0x0200b3ec                        __twl_bss_end__ = ABSOLUTE (.)

.twl_noinit     0x0200b3ec        0x0
                0x0200b3ec                        __twl_noinit_start__ = ABSOLUTE (.)
 *(.twl_noinit .twl_noinit.*)
 *(.twl.noinit .twl.noinit.*)
 *.twl*(.noinit)
 *.twl*(.noinit.*)
 *.twl*(.gnu.linkonce.n.*)
                0x0200b3ec                        . = ALIGN (0x4)
                0x0200b3ec                        __twl_noinit_end__ = ABSOLUTE (.)
                0x0200b3ec                        __twl_end__ = ABSOLUTE (.)
                0x00000388                        __itcm_size = (__itcm_end - __itcm_start)
                0x00000000                        __dtcm_size = (__dtcm_end - __dtcm_data_start)
                0x00000000                        __arm9i_size__ = (__arm9i_end__ - __arm9i_start__)
                0x00000d14                        __bss_size__ = (__bss_end__ - __bss_start__)
                0x00000000                        __sbss_size = (__sbss_end - __sbss_start)
                0x00000000                        __twl_bss_size__ = (__twl_bss_end__ - __twl_bss_start__)

.stab
 *(.stab)

.stabstr
 *(.stabstr)

.stab.excl
 *(.stab.excl)

.stab.exclstr
 *(.stab.exclstr)

.stab.index
 *(.stab.index)

.stab.indexstr
 *(.stab.indexstr)

.comment        0x00000000       0x22
 *(.comment)
 .comment       0x00000000       0x22 build/keyboard_custom/graphics/keyboardGfx.png.o
                                 0x23 (size before relaxing)
 .comment       0x00000022       0x23 build/keyboard_custom/source/main.c.o
 .comment       0x00000022       0x23 C:/msys64/opt/wonderful/thirdparty/blocksds/core/libs/libnds/lib\libnds9.a(console.c.o)
 .comment       0x00000022       0x23 C:/msys64/opt/wonderful/thirdparty/blocksds/core/libs/libnds/lib\libnds9.a(keyboard.c.o)
 .comment       0x00000022       0x23 C:/msys64/opt/wonderful/thirdparty/blocksds/core/libs/libnds/lib\libnds9.a(crt0_argv.c.o)
 .comment       0x00000022       0x23 C:/msys64/opt/wonderful/thirdparty/blocksds/core/libs/libnds/lib\libnds9.a(iob.c.o)
 .comment       0x00000022       0x23 C:/msys64/opt/wonderful/thirdparty/blocksds/core/libs/libnds/lib\libnds9.a(cache.c.o)
 .comment       0x00000022       0x23 C:/msys64/opt/wonderful/thirdparty/blocksds/core/libs/libnds/lib\libnds9.a(initSystem.c.o)
 .comment       0x00000022       0x23 C:/msys64/opt/wonderful/thirdparty/blocksds/core/libs/libnds/lib\libnds9.a(keys.c.o)
 .comment       0x00000022       0x23 C:/msys64/opt/wonderful/thirdparty/blocksds/core/libs/libnds/lib\libnds9.a(securearea.c.o)
 .comment       0x00000022       0x23 C:/msys64/opt/wonderful/thirdparty/blocksds/core/libs/libnds/lib\libnds9.a(system.c.o)
 .comment       0x00000022       0x23 C:/msys64/opt/wonderful/thirdparty/blocksds/core/libs/libnds/lib\libnds9.a(background.c.o)
 .comment       0x00000022       0x23 C:/msys64/opt/wonderful/thirdparty/blocksds/core/libs/libnds/lib\libnds9.a(video.c.o)
 .comment       0x00000022       0x23 C:/msys64/opt/wonderful/thirdparty/blocksds/core/libs/libnds/lib\libnds9.a(threads.c.o)
 .comment       0x00000022       0x23 C:/msys64/opt/wonderful/thirdparty/blocksds/core/libs/libnds/lib\libnds9.a(decompress.c.o)
 .comment       0x00000022       0x23 C:/msys64/opt/wonderful/thirdparty/blocksds/core/libs/libnds/lib\libnds9.a(exceptions.c.o)
 .comment       0x00000022       0x23 C:/msys64/opt/wonderful/thirdparty/blocksds/core/libs/libnds/lib\libnds9.a(fifosystem.c.o)
 .comment       0x00000022       0x23 C:/msys64/opt/wonderful/thirdparty/blocksds/core/libs/libnds/lib\libnds9.a(interrupts.c.o)
 .comment       0x00000022       0x23 C:/msys64/opt/wonderful/thirdparty/blocksds/core/libs/libnds/lib\libnds9.a(exit.c.o)
 .comment       0x00000022       0x23 C:/msys64/opt/wonderful/thirdparty/blocksds/core/libs/libnds/lib\libnds9.a(locks.c.o)
 .comment       0x00000022       0x23 C:/msys64/opt/wonderful/thirdparty/blocksds/core/libs/libnds/lib\libnds9.a(sbrk.c.o)
 .comment       0x00000022       0x23 C:/msys64/opt/wonderful/thirdparty/blocksds/core/libs/libnds/lib\libnds9.a(coroutine.c.o)
 .comment       0x00000022       0x23 C:/msys64/opt/wonderful/thirdparty/blocksds/core/libs/libnds/lib\libnds9.a(swiIntrWait.c.o)
 .comment       0x00000022       0x23 C:/msys64/opt/wonderful/thirdparty/blocksds/core/libs/libnds/lib\libnds9.a(syscalls.c.o)
 .comment       0x00000022       0x23 C:/msys64/opt/wonderful/thirdparty/blocksds/core/libs/libnds/lib\libnds9.a(default_font.png.o)
 .comment       0x00000022       0x23 C:/msys64/opt/wonderful/thirdparty/blocksds/core/libs/libnds/lib\libnds9.a(sassert.c.o)
 .comment       0x00000022       0x23 C:/msys64/opt/wonderful/thirdparty/blocksds/core/libs/libnds/lib\libnds9.a(exceptions.c.o)
 .comment       0x00000022       0x23 C:/msys64/opt/wonderful/thirdparty/blocksds/core/libs/libnds/lib\libnds9.a(trig.c.o)
 .comment       0x00000022       0x23 C:/msys64/opt/wonderful/toolchain/gcc-arm-none-eabi/lib/gcc/arm-none-eabi/15.1.0/../../../../arm-none-eabi/lib/thumb/arm946e-s\libc.a(malloc-free.c.o)
 .comment       0x00000022       0x23 C:/msys64/opt/wonderful/toolchain/gcc-arm-none-eabi/lib/gcc/arm-none-eabi/15.1.0/../../../../arm-none-eabi/lib/thumb/arm946e-s\libc.a(malloc-malloc.c.o)
 .comment       0x00000022       0x23 C:/msys64/opt/wonderful/toolchain/gcc-arm-none-eabi/lib/gcc/arm-none-eabi/15.1.0/../../../../arm-none-eabi/lib/thumb/arm946e-s\libc.a(libc_errno_errno.c.o)
 .comment       0x00000022       0x23 C:/msys64/opt/wonderful/toolchain/gcc-arm-none-eabi/lib/gcc/arm-none-eabi/15.1.0/../../../../arm-none-eabi/lib/thumb/arm946e-s\libc.a(libc_misc_init.c.o)
 .comment       0x00000022       0x23 C:/msys64/opt/wonderful/toolchain/gcc-arm-none-eabi/lib/gcc/arm-none-eabi/15.1.0/../../../../arm-none-eabi/lib/thumb/arm946e-s\libc.a(libc_stdlib_pico-exit.c.o)
 .comment       0x00000022       0x23 C:/msys64/opt/wonderful/toolchain/gcc-arm-none-eabi/lib/gcc/arm-none-eabi/15.1.0/../../../../arm-none-eabi/lib/thumb/arm946e-s\libc.a(libc_tinystdio_fflush.c.o)
 .comment       0x00000022       0x23 C:/msys64/opt/wonderful/toolchain/gcc-arm-none-eabi/lib/gcc/arm-none-eabi/15.1.0/../../../../arm-none-eabi/lib/thumb/arm946e-s\libc.a(libc_tinystdio_printf.c.o)
 .comment       0x00000022       0x23 C:/msys64/opt/wonderful/toolchain/gcc-arm-none-eabi/lib/gcc/arm-none-eabi/15.1.0/../../../../arm-none-eabi/lib/thumb/arm946e-s\libc.a(libc_tinystdio_putchar.c.o)
 .comment       0x00000022       0x23 C:/msys64/opt/wonderful/toolchain/gcc-arm-none-eabi/lib/gcc/arm-none-eabi/15.1.0/../../../../arm-none-eabi/lib/thumb/arm946e-s\libc.a(libc_tinystdio_puts.c.o)
 .comment       0x00000022       0x23 C:/msys64/opt/wonderful/toolchain/gcc-arm-none-eabi/lib/gcc/arm-none-eabi/15.1.0/../../../../arm-none-eabi/lib/thumb/arm946e-s\libc.a(libc_tinystdio_setvbuf.c.o)
 .comment       0x00000022       0x23 C:/msys64/opt/wonderful/toolchain/gcc-arm-none-eabi/lib/gcc/arm-none-eabi/15.1.0/../../../../arm-none-eabi/lib/thumb/arm946e-s\libc.a(libc_tinystdio_vfprintf.c.o)
 .comment       0x00000022       0x23 C:/msys64/opt/wonderful/toolchain/gcc-arm-none-eabi/lib/gcc/arm-none-eabi/15.1.0/../../../../arm-none-eabi/lib/thumb/arm946e-s\libc.a(libc_tinystdio_vprintf.c.o)
 .comment       0x00000022       0x23 C:/msys64/opt/wonderful/toolchain/gcc-arm-none-eabi/lib/gcc/arm-none-eabi/15.1.0/../../../../arm-none-eabi/lib/thumb/arm946e-s\libc.a(libc_tinystdio_dtoa_ryu.c.o)
 .comment       0x00000022       0x23 C:/msys64/opt/wonderful/toolchain/gcc-arm-none-eabi/lib/gcc/arm-none-eabi/15.1.0/../../../../arm-none-eabi/lib/thumb/arm946e-s\libc.a(libc_tinystdio_ryu_log10.c.o)
 .comment       0x00000022       0x23 C:/msys64/opt/wonderful/toolchain/gcc-arm-none-eabi/lib/gcc/arm-none-eabi/15.1.0/../../../../arm-none-eabi/lib/thumb/arm946e-s\libc.a(libc_tinystdio_ryu_pow5bits.c.o)
 .comment       0x00000022       0x23 C:/msys64/opt/wonderful/toolchain/gcc-arm-none-eabi/lib/gcc/arm-none-eabi/15.1.0/../../../../arm-none-eabi/lib/thumb/arm946e-s\libc.a(libc_tinystdio_ryu_table.c.o)
 .comment       0x00000022       0x23 C:/msys64/opt/wonderful/toolchain/gcc-arm-none-eabi/lib/gcc/arm-none-eabi/15.1.0/../../../../arm-none-eabi/lib/thumb/arm946e-s\libc.a(libc_tinystdio_ryu_umul128.c.o)
 .comment       0x00000022       0x23 C:/msys64/opt/wonderful/toolchain/gcc-arm-none-eabi/lib/gcc/arm-none-eabi/15.1.0/../../../../arm-none-eabi/lib/thumb/arm946e-s\libc.a(libc_misc_fini.c.o)
 .comment       0x00000022       0x23 C:/msys64/opt/wonderful/toolchain/gcc-arm-none-eabi/lib/gcc/arm-none-eabi/15.1.0/../../../../arm-none-eabi/lib/thumb/arm946e-s\libc.a(libc_string_strnlen.c.o)
 .comment       0x00000022       0x23 C:/msys64/opt/wonderful/toolchain/gcc-arm-none-eabi/lib/gcc/arm-none-eabi/15.1.0/../../../../arm-none-eabi/lib/thumb/arm946e-s\libc.a(libc_tinystdio_dtox_engine.c.o)
 .comment       0x00000022       0x23 C:/msys64/opt/wonderful/toolchain/gcc-arm-none-eabi/lib/gcc/arm-none-eabi/15.1.0/../../../../arm-none-eabi/lib/thumb/arm946e-s\libc.a(libc_tinystdio_fputc.c.o)
 .comment       0x00000022       0x23 C:/msys64/opt/wonderful/toolchain/gcc-arm-none-eabi/lib/gcc/arm-none-eabi/15.1.0/thumb/arm946e-s\libgcc.a(_muldi3.o)
 .comment       0x00000022       0x23 C:/msys64/opt/wonderful/toolchain/gcc-arm-none-eabi/lib/gcc/arm-none-eabi/15.1.0/thumb/arm946e-s\libgcc.a(_udivmoddi4.o)
 .comment       0x00000022       0x23 C:/msys64/opt/wonderful/toolchain/gcc-arm-none-eabi/lib/gcc/arm-none-eabi/15.1.0/thumb/arm946e-s/crtend.o

.gnu.build.attributes
 *(.gnu.build.attributes .gnu.build.attributes.*)

.debug
 *(.debug)

.line
 *(.line)

.debug_srcinfo
 *(.debug_srcinfo)

.debug_sfnames
 *(.debug_sfnames)

.debug_aranges  0x00000000      0xfe0
 *(.debug_aranges)
 .debug_aranges
                0x00000000       0x20 C:/msys64/opt/wonderful/thirdparty/blocksds/core/sys/crts/ds_arm9_crt0.o
 .debug_aranges
                0x00000020       0x48 C:/msys64/opt/wonderful/thirdparty/blocksds/core/libs/libnds/lib\libnds9.a(mpu_setup.s.o)
 .debug_aranges
                0x00000068       0xd8 C:/msys64/opt/wonderful/thirdparty/blocksds/core/libs/libnds/lib\libnds9.a(console.c.o)
 .debug_aranges
                0x00000140       0x88 C:/msys64/opt/wonderful/thirdparty/blocksds/core/libs/libnds/lib\libnds9.a(keyboard.c.o)
 .debug_aranges
                0x000001c8       0x20 C:/msys64/opt/wonderful/thirdparty/blocksds/core/libs/libnds/lib\libnds9.a(crt0_argv.c.o)
 .debug_aranges
                0x000001e8       0x38 C:/msys64/opt/wonderful/thirdparty/blocksds/core/libs/libnds/lib\libnds9.a(iob.c.o)
 .debug_aranges
                0x00000220       0x30 C:/msys64/opt/wonderful/thirdparty/blocksds/core/libs/libnds/lib\libnds9.a(cache.c.o)
 .debug_aranges
                0x00000250       0x20 C:/msys64/opt/wonderful/thirdparty/blocksds/core/libs/libnds/lib\libnds9.a(initSystem.c.o)
 .debug_aranges
                0x00000270       0x60 C:/msys64/opt/wonderful/thirdparty/blocksds/core/libs/libnds/lib\libnds9.a(keys.c.o)
 .debug_aranges
                0x000002d0       0x18 C:/msys64/opt/wonderful/thirdparty/blocksds/core/libs/libnds/lib\libnds9.a(securearea.c.o)
 .debug_aranges
                0x000002e8       0x80 C:/msys64/opt/wonderful/thirdparty/blocksds/core/libs/libnds/lib\libnds9.a(system.c.o)
 .debug_aranges
                0x00000368       0x40 C:/msys64/opt/wonderful/thirdparty/blocksds/core/libs/libnds/lib\libnds9.a(background.c.o)
 .debug_aranges
                0x000003a8       0x38 C:/msys64/opt/wonderful/thirdparty/blocksds/core/libs/libnds/lib\libnds9.a(video.c.o)
 .debug_aranges
                0x000003e0       0x80 C:/msys64/opt/wonderful/thirdparty/blocksds/core/libs/libnds/lib\libnds9.a(threads.c.o)
 .debug_aranges
                0x00000460       0x50 C:/msys64/opt/wonderful/thirdparty/blocksds/core/libs/libnds/lib\libnds9.a(decompress.c.o)
 .debug_aranges
                0x000004b0       0x38 C:/msys64/opt/wonderful/thirdparty/blocksds/core/libs/libnds/lib\libnds9.a(exceptions.c.o)
 .debug_aranges
                0x000004e8       0xd8 C:/msys64/opt/wonderful/thirdparty/blocksds/core/libs/libnds/lib\libnds9.a(fifosystem.c.o)
 .debug_aranges
                0x000005c0       0x48 C:/msys64/opt/wonderful/thirdparty/blocksds/core/libs/libnds/lib\libnds9.a(interrupts.c.o)
 .debug_aranges
                0x00000608       0x38 C:/msys64/opt/wonderful/thirdparty/blocksds/core/libs/libnds/lib\libnds9.a(exit.c.o)
 .debug_aranges
                0x00000640       0x68 C:/msys64/opt/wonderful/thirdparty/blocksds/core/libs/libnds/lib\libnds9.a(locks.c.o)
 .debug_aranges
                0x000006a8       0x20 C:/msys64/opt/wonderful/thirdparty/blocksds/core/libs/libnds/lib\libnds9.a(sbrk.c.o)
 .debug_aranges
                0x000006c8       0x28 C:/msys64/opt/wonderful/thirdparty/blocksds/core/libs/libnds/lib\libnds9.a(coroutine.c.o)
 .debug_aranges
                0x000006f0       0x28 C:/msys64/opt/wonderful/thirdparty/blocksds/core/libs/libnds/lib\libnds9.a(swiIntrWait.c.o)
 .debug_aranges
                0x00000718       0x20 C:/msys64/opt/wonderful/thirdparty/blocksds/core/libs/libnds/lib\libnds9.a(syscalls.c.o)
 .debug_aranges
                0x00000738       0x18 C:/msys64/opt/wonderful/thirdparty/blocksds/core/libs/libnds/lib\libnds9.a(default_font.png.o)
 .debug_aranges
                0x00000750      0x1b0 C:/msys64/opt/wonderful/thirdparty/blocksds/core/libs/libnds/lib\libnds9.a(cp15.s.o)
 .debug_aranges
                0x00000900       0x20 C:/msys64/opt/wonderful/thirdparty/blocksds/core/libs/libnds/lib\libnds9.a(cpu_clock.s.o)
 .debug_aranges
                0x00000920       0x20 C:/msys64/opt/wonderful/thirdparty/blocksds/core/libs/libnds/lib\libnds9.a(aeabi_read_tp.s.o)
 .debug_aranges
                0x00000940       0x28 C:/msys64/opt/wonderful/thirdparty/blocksds/core/libs/libnds/lib\libnds9.a(dma.s.o)
 .debug_aranges
                0x00000968       0x20 C:/msys64/opt/wonderful/thirdparty/blocksds/core/libs/libnds/lib\libnds9.a(exceptionHandler.s.o)
 .debug_aranges
                0x00000988       0x20 C:/msys64/opt/wonderful/thirdparty/blocksds/core/libs/libnds/lib\libnds9.a(interruptDispatcher.s.o)
 .debug_aranges
                0x000009a8       0x38 C:/msys64/opt/wonderful/thirdparty/blocksds/core/libs/libnds/lib\libnds9.a(coroutine.s.o)
 .debug_aranges
                0x000009e0       0x30 C:/msys64/opt/wonderful/thirdparty/blocksds/core/libs/libnds/lib\libnds9.a(memcpy.s.o)
 .debug_aranges
                0x00000a10       0x40 C:/msys64/opt/wonderful/thirdparty/blocksds/core/libs/libnds/lib\libnds9.a(memset.s.o)
 .debug_aranges
                0x00000a50       0x20 C:/msys64/opt/wonderful/thirdparty/blocksds/core/libs/libnds/lib\libnds9.a(sassert.c.o)
 .debug_aranges
                0x00000a70       0x48 C:/msys64/opt/wonderful/thirdparty/blocksds/core/libs/libnds/lib\libnds9.a(exceptions.c.o)
 .debug_aranges
                0x00000ab8       0x60 C:/msys64/opt/wonderful/thirdparty/blocksds/core/libs/libnds/lib\libnds9.a(trig.c.o)
 .debug_aranges
                0x00000b18       0x28 C:/msys64/opt/wonderful/thirdparty/blocksds/core/libs/libnds/lib\libnds9.a(cpu.s.o)
 .debug_aranges
                0x00000b40       0x20 C:/msys64/opt/wonderful/toolchain/gcc-arm-none-eabi/lib/gcc/arm-none-eabi/15.1.0/../../../../arm-none-eabi/lib/thumb/arm946e-s\libc.a(strlen.S.o)
 .debug_aranges
                0x00000b60       0x28 C:/msys64/opt/wonderful/toolchain/gcc-arm-none-eabi/lib/gcc/arm-none-eabi/15.1.0/../../../../arm-none-eabi/lib/thumb/arm946e-s\libc.a(malloc-free.c.o)
 .debug_aranges
                0x00000b88       0x20 C:/msys64/opt/wonderful/toolchain/gcc-arm-none-eabi/lib/gcc/arm-none-eabi/15.1.0/../../../../arm-none-eabi/lib/thumb/arm946e-s\libc.a(malloc-malloc.c.o)
 .debug_aranges
                0x00000ba8       0x18 C:/msys64/opt/wonderful/toolchain/gcc-arm-none-eabi/lib/gcc/arm-none-eabi/15.1.0/../../../../arm-none-eabi/lib/thumb/arm946e-s\libc.a(libc_errno_errno.c.o)
 .debug_aranges
                0x00000bc0       0x20 C:/msys64/opt/wonderful/toolchain/gcc-arm-none-eabi/lib/gcc/arm-none-eabi/15.1.0/../../../../arm-none-eabi/lib/thumb/arm946e-s\libc.a(libc_misc_init.c.o)
 .debug_aranges
                0x00000be0       0x20 C:/msys64/opt/wonderful/toolchain/gcc-arm-none-eabi/lib/gcc/arm-none-eabi/15.1.0/../../../../arm-none-eabi/lib/thumb/arm946e-s\libc.a(libc_stdlib_pico-exit.c.o)
 .debug_aranges
                0x00000c00       0x20 C:/msys64/opt/wonderful/toolchain/gcc-arm-none-eabi/lib/gcc/arm-none-eabi/15.1.0/../../../../arm-none-eabi/lib/thumb/arm946e-s\libc.a(libc_tinystdio_fflush.c.o)
 .debug_aranges
                0x00000c20       0x20 C:/msys64/opt/wonderful/toolchain/gcc-arm-none-eabi/lib/gcc/arm-none-eabi/15.1.0/../../../../arm-none-eabi/lib/thumb/arm946e-s\libc.a(libc_tinystdio_printf.c.o)
 .debug_aranges
                0x00000c40       0x20 C:/msys64/opt/wonderful/toolchain/gcc-arm-none-eabi/lib/gcc/arm-none-eabi/15.1.0/../../../../arm-none-eabi/lib/thumb/arm946e-s\libc.a(libc_tinystdio_putchar.c.o)
 .debug_aranges
                0x00000c60       0x20 C:/msys64/opt/wonderful/toolchain/gcc-arm-none-eabi/lib/gcc/arm-none-eabi/15.1.0/../../../../arm-none-eabi/lib/thumb/arm946e-s\libc.a(libc_tinystdio_puts.c.o)
 .debug_aranges
                0x00000c80       0x20 C:/msys64/opt/wonderful/toolchain/gcc-arm-none-eabi/lib/gcc/arm-none-eabi/15.1.0/../../../../arm-none-eabi/lib/thumb/arm946e-s\libc.a(libc_tinystdio_setvbuf.c.o)
 .debug_aranges
                0x00000ca0       0x30 C:/msys64/opt/wonderful/toolchain/gcc-arm-none-eabi/lib/gcc/arm-none-eabi/15.1.0/../../../../arm-none-eabi/lib/thumb/arm946e-s\libc.a(libc_tinystdio_vfprintf.c.o)
 .debug_aranges
                0x00000cd0       0x20 C:/msys64/opt/wonderful/toolchain/gcc-arm-none-eabi/lib/gcc/arm-none-eabi/15.1.0/../../../../arm-none-eabi/lib/thumb/arm946e-s\libc.a(libc_tinystdio_vprintf.c.o)
 .debug_aranges
                0x00000cf0       0x30 C:/msys64/opt/wonderful/toolchain/gcc-arm-none-eabi/lib/gcc/arm-none-eabi/15.1.0/../../../../arm-none-eabi/lib/thumb/arm946e-s\libc.a(libc_tinystdio_dtoa_ryu.c.o)
 .debug_aranges
                0x00000d20       0x28 C:/msys64/opt/wonderful/toolchain/gcc-arm-none-eabi/lib/gcc/arm-none-eabi/15.1.0/../../../../arm-none-eabi/lib/thumb/arm946e-s\libc.a(libc_tinystdio_ryu_log10.c.o)
 .debug_aranges
                0x00000d48       0x20 C:/msys64/opt/wonderful/toolchain/gcc-arm-none-eabi/lib/gcc/arm-none-eabi/15.1.0/../../../../arm-none-eabi/lib/thumb/arm946e-s\libc.a(libc_tinystdio_ryu_pow5bits.c.o)
 .debug_aranges
                0x00000d68       0x30 C:/msys64/opt/wonderful/toolchain/gcc-arm-none-eabi/lib/gcc/arm-none-eabi/15.1.0/../../../../arm-none-eabi/lib/thumb/arm946e-s\libc.a(libc_tinystdio_ryu_table.c.o)
 .debug_aranges
                0x00000d98       0x28 C:/msys64/opt/wonderful/toolchain/gcc-arm-none-eabi/lib/gcc/arm-none-eabi/15.1.0/../../../../arm-none-eabi/lib/thumb/arm946e-s\libc.a(libc_tinystdio_ryu_umul128.c.o)
 .debug_aranges
                0x00000dc0       0x20 C:/msys64/opt/wonderful/toolchain/gcc-arm-none-eabi/lib/gcc/arm-none-eabi/15.1.0/../../../../arm-none-eabi/lib/thumb/arm946e-s\libc.a(libc_misc_fini.c.o)
 .debug_aranges
                0x00000de0       0x20 C:/msys64/opt/wonderful/toolchain/gcc-arm-none-eabi/lib/gcc/arm-none-eabi/15.1.0/../../../../arm-none-eabi/lib/thumb/arm946e-s\libc.a(libc_string_strnlen.c.o)
 .debug_aranges
                0x00000e00       0x20 C:/msys64/opt/wonderful/toolchain/gcc-arm-none-eabi/lib/gcc/arm-none-eabi/15.1.0/../../../../arm-none-eabi/lib/thumb/arm946e-s\libc.a(libc_tinystdio_dtox_engine.c.o)
 .debug_aranges
                0x00000e20       0x20 C:/msys64/opt/wonderful/toolchain/gcc-arm-none-eabi/lib/gcc/arm-none-eabi/15.1.0/../../../../arm-none-eabi/lib/thumb/arm946e-s\libc.a(libc_tinystdio_fputc.c.o)
 .debug_aranges
                0x00000e40       0x20 C:/msys64/opt/wonderful/toolchain/gcc-arm-none-eabi/lib/gcc/arm-none-eabi/15.1.0/thumb/arm946e-s\libgcc.a(_thumb1_case_uqi.o)
 .debug_aranges
                0x00000e60       0x20 C:/msys64/opt/wonderful/toolchain/gcc-arm-none-eabi/lib/gcc/arm-none-eabi/15.1.0/thumb/arm946e-s\libgcc.a(_thumb1_case_uhi.o)
 .debug_aranges
                0x00000e80       0x20 C:/msys64/opt/wonderful/toolchain/gcc-arm-none-eabi/lib/gcc/arm-none-eabi/15.1.0/thumb/arm946e-s\libgcc.a(_udivsi3.o)
 .debug_aranges
                0x00000ea0       0x20 C:/msys64/opt/wonderful/toolchain/gcc-arm-none-eabi/lib/gcc/arm-none-eabi/15.1.0/thumb/arm946e-s\libgcc.a(_divsi3.o)
 .debug_aranges
                0x00000ec0       0x20 C:/msys64/opt/wonderful/toolchain/gcc-arm-none-eabi/lib/gcc/arm-none-eabi/15.1.0/thumb/arm946e-s\libgcc.a(_dvmd_tls.o)
 .debug_aranges
                0x00000ee0       0x20 C:/msys64/opt/wonderful/toolchain/gcc-arm-none-eabi/lib/gcc/arm-none-eabi/15.1.0/thumb/arm946e-s\libgcc.a(_lshrdi3.o)
 .debug_aranges
                0x00000f00       0x20 C:/msys64/opt/wonderful/toolchain/gcc-arm-none-eabi/lib/gcc/arm-none-eabi/15.1.0/thumb/arm946e-s\libgcc.a(_ashrdi3.o)
 .debug_aranges
                0x00000f20       0x20 C:/msys64/opt/wonderful/toolchain/gcc-arm-none-eabi/lib/gcc/arm-none-eabi/15.1.0/thumb/arm946e-s\libgcc.a(_ashldi3.o)
 .debug_aranges
                0x00000f40       0x20 C:/msys64/opt/wonderful/toolchain/gcc-arm-none-eabi/lib/gcc/arm-none-eabi/15.1.0/thumb/arm946e-s\libgcc.a(_clzsi2.o)
 .debug_aranges
                0x00000f60       0x20 C:/msys64/opt/wonderful/toolchain/gcc-arm-none-eabi/lib/gcc/arm-none-eabi/15.1.0/thumb/arm946e-s\libgcc.a(_aeabi_uldivmod.o)
 .debug_aranges
                0x00000f80       0x20 C:/msys64/opt/wonderful/toolchain/gcc-arm-none-eabi/lib/gcc/arm-none-eabi/15.1.0/thumb/arm946e-s\libgcc.a(_muldi3.o)
 .debug_aranges
                0x00000fa0       0x20 C:/msys64/opt/wonderful/toolchain/gcc-arm-none-eabi/lib/gcc/arm-none-eabi/15.1.0/thumb/arm946e-s\libgcc.a(_udivmoddi4.o)
 .debug_aranges
                0x00000fc0       0x20 C:/msys64/opt/wonderful/toolchain/gcc-arm-none-eabi/lib/gcc/arm-none-eabi/15.1.0/thumb/arm946e-s\libgcc.a(_clzdi2.o)

.debug_pubnames
 *(.debug_pubnames)

.debug_info     0x00000000    0x14e4f
 *(.debug_info .gnu.linkonce.wi.*)
 .debug_info    0x00000000       0x25 C:/msys64/opt/wonderful/thirdparty/blocksds/core/sys/crts/ds_arm9_crt0.o
 .debug_info    0x00000025       0x23 C:/msys64/opt/wonderful/thirdparty/blocksds/core/libs/libnds/lib\libnds9.a(mpu_setup.s.o)
 .debug_info    0x00000048     0x278a C:/msys64/opt/wonderful/thirdparty/blocksds/core/libs/libnds/lib\libnds9.a(console.c.o)
 .debug_info    0x000027d2     0x1d22 C:/msys64/opt/wonderful/thirdparty/blocksds/core/libs/libnds/lib\libnds9.a(keyboard.c.o)
 .debug_info    0x000044f4      0x1f8 C:/msys64/opt/wonderful/thirdparty/blocksds/core/libs/libnds/lib\libnds9.a(crt0_argv.c.o)
 .debug_info    0x000046ec      0x6a6 C:/msys64/opt/wonderful/thirdparty/blocksds/core/libs/libnds/lib\libnds9.a(iob.c.o)
 .debug_info    0x00004d92      0x351 C:/msys64/opt/wonderful/thirdparty/blocksds/core/libs/libnds/lib\libnds9.a(cache.c.o)
 .debug_info    0x000050e3      0x8aa C:/msys64/opt/wonderful/thirdparty/blocksds/core/libs/libnds/lib\libnds9.a(initSystem.c.o)
 .debug_info    0x0000598d      0x76d C:/msys64/opt/wonderful/thirdparty/blocksds/core/libs/libnds/lib\libnds9.a(keys.c.o)
 .debug_info    0x000060fa       0x5f C:/msys64/opt/wonderful/thirdparty/blocksds/core/libs/libnds/lib\libnds9.a(securearea.c.o)
 .debug_info    0x00006159     0x1051 C:/msys64/opt/wonderful/thirdparty/blocksds/core/libs/libnds/lib\libnds9.a(system.c.o)
 .debug_info    0x000071aa      0xa52 C:/msys64/opt/wonderful/thirdparty/blocksds/core/libs/libnds/lib\libnds9.a(background.c.o)
 .debug_info    0x00007bfc      0x96d C:/msys64/opt/wonderful/thirdparty/blocksds/core/libs/libnds/lib\libnds9.a(video.c.o)
 .debug_info    0x00008569     0x1128 C:/msys64/opt/wonderful/thirdparty/blocksds/core/libs/libnds/lib\libnds9.a(threads.c.o)
 .debug_info    0x00009691      0x906 C:/msys64/opt/wonderful/thirdparty/blocksds/core/libs/libnds/lib\libnds9.a(decompress.c.o)
 .debug_info    0x00009f97      0x3e5 C:/msys64/opt/wonderful/thirdparty/blocksds/core/libs/libnds/lib\libnds9.a(exceptions.c.o)
 .debug_info    0x0000a37c     0x21bd C:/msys64/opt/wonderful/thirdparty/blocksds/core/libs/libnds/lib\libnds9.a(fifosystem.c.o)
 .debug_info    0x0000c539      0x5c7 C:/msys64/opt/wonderful/thirdparty/blocksds/core/libs/libnds/lib\libnds9.a(interrupts.c.o)
 .debug_info    0x0000cb00      0x4dd C:/msys64/opt/wonderful/thirdparty/blocksds/core/libs/libnds/lib\libnds9.a(exit.c.o)
 .debug_info    0x0000cfdd      0x9aa C:/msys64/opt/wonderful/thirdparty/blocksds/core/libs/libnds/lib\libnds9.a(locks.c.o)
 .debug_info    0x0000d987      0x121 C:/msys64/opt/wonderful/thirdparty/blocksds/core/libs/libnds/lib\libnds9.a(sbrk.c.o)
 .debug_info    0x0000daa8      0x324 C:/msys64/opt/wonderful/thirdparty/blocksds/core/libs/libnds/lib\libnds9.a(coroutine.c.o)
 .debug_info    0x0000ddcc      0x16f C:/msys64/opt/wonderful/thirdparty/blocksds/core/libs/libnds/lib\libnds9.a(swiIntrWait.c.o)
 .debug_info    0x0000df3b      0x463 C:/msys64/opt/wonderful/thirdparty/blocksds/core/libs/libnds/lib\libnds9.a(syscalls.c.o)
 .debug_info    0x0000e39e       0x58 C:/msys64/opt/wonderful/thirdparty/blocksds/core/libs/libnds/lib\libnds9.a(default_font.png.o)
 .debug_info    0x0000e3f6       0x23 C:/msys64/opt/wonderful/thirdparty/blocksds/core/libs/libnds/lib\libnds9.a(cp15.s.o)
 .debug_info    0x0000e419       0x24 C:/msys64/opt/wonderful/thirdparty/blocksds/core/libs/libnds/lib\libnds9.a(cpu_clock.s.o)
 .debug_info    0x0000e43d       0x24 C:/msys64/opt/wonderful/thirdparty/blocksds/core/libs/libnds/lib\libnds9.a(aeabi_read_tp.s.o)
 .debug_info    0x0000e461       0x23 C:/msys64/opt/wonderful/thirdparty/blocksds/core/libs/libnds/lib\libnds9.a(dma.s.o)
 .debug_info    0x0000e484       0x25 C:/msys64/opt/wonderful/thirdparty/blocksds/core/libs/libnds/lib\libnds9.a(exceptionHandler.s.o)
 .debug_info    0x0000e4a9       0x25 C:/msys64/opt/wonderful/thirdparty/blocksds/core/libs/libnds/lib\libnds9.a(interruptDispatcher.s.o)
 .debug_info    0x0000e4ce       0x23 C:/msys64/opt/wonderful/thirdparty/blocksds/core/libs/libnds/lib\libnds9.a(coroutine.s.o)
 .debug_info    0x0000e4f1       0x23 C:/msys64/opt/wonderful/thirdparty/blocksds/core/libs/libnds/lib\libnds9.a(memcpy.s.o)
 .debug_info    0x0000e514       0x23 C:/msys64/opt/wonderful/thirdparty/blocksds/core/libs/libnds/lib\libnds9.a(memset.s.o)
 .debug_info    0x0000e537      0x628 C:/msys64/opt/wonderful/thirdparty/blocksds/core/libs/libnds/lib\libnds9.a(sassert.c.o)
 .debug_info    0x0000eb5f      0x98d C:/msys64/opt/wonderful/thirdparty/blocksds/core/libs/libnds/lib\libnds9.a(exceptions.c.o)
 .debug_info    0x0000f4ec      0x777 C:/msys64/opt/wonderful/thirdparty/blocksds/core/libs/libnds/lib\libnds9.a(trig.c.o)
 .debug_info    0x0000fc63       0x23 C:/msys64/opt/wonderful/thirdparty/blocksds/core/libs/libnds/lib\libnds9.a(cpu.s.o)
 .debug_info    0x0000fc86       0x31 C:/msys64/opt/wonderful/toolchain/gcc-arm-none-eabi/lib/gcc/arm-none-eabi/15.1.0/../../../../arm-none-eabi/lib/thumb/arm946e-s\libc.a(strlen.S.o)
 .debug_info    0x0000fcb7      0x419 C:/msys64/opt/wonderful/toolchain/gcc-arm-none-eabi/lib/gcc/arm-none-eabi/15.1.0/../../../../arm-none-eabi/lib/thumb/arm946e-s\libc.a(malloc-free.c.o)
 .debug_info    0x000100d0      0x577 C:/msys64/opt/wonderful/toolchain/gcc-arm-none-eabi/lib/gcc/arm-none-eabi/15.1.0/../../../../arm-none-eabi/lib/thumb/arm946e-s\libc.a(malloc-malloc.c.o)
 .debug_info    0x00010647       0x85 C:/msys64/opt/wonderful/toolchain/gcc-arm-none-eabi/lib/gcc/arm-none-eabi/15.1.0/../../../../arm-none-eabi/lib/thumb/arm946e-s\libc.a(libc_errno_errno.c.o)
 .debug_info    0x000106cc       0xd9 C:/msys64/opt/wonderful/toolchain/gcc-arm-none-eabi/lib/gcc/arm-none-eabi/15.1.0/../../../../arm-none-eabi/lib/thumb/arm946e-s\libc.a(libc_misc_init.c.o)
 .debug_info    0x000107a5       0xd3 C:/msys64/opt/wonderful/toolchain/gcc-arm-none-eabi/lib/gcc/arm-none-eabi/15.1.0/../../../../arm-none-eabi/lib/thumb/arm946e-s\libc.a(libc_stdlib_pico-exit.c.o)
 .debug_info    0x00010878      0x1d0 C:/msys64/opt/wonderful/toolchain/gcc-arm-none-eabi/lib/gcc/arm-none-eabi/15.1.0/../../../../arm-none-eabi/lib/thumb/arm946e-s\libc.a(libc_tinystdio_fflush.c.o)
 .debug_info    0x00010a48      0x21b C:/msys64/opt/wonderful/toolchain/gcc-arm-none-eabi/lib/gcc/arm-none-eabi/15.1.0/../../../../arm-none-eabi/lib/thumb/arm946e-s\libc.a(libc_tinystdio_printf.c.o)
 .debug_info    0x00010c63      0x1bd C:/msys64/opt/wonderful/toolchain/gcc-arm-none-eabi/lib/gcc/arm-none-eabi/15.1.0/../../../../arm-none-eabi/lib/thumb/arm946e-s\libc.a(libc_tinystdio_putchar.c.o)
 .debug_info    0x00010e20      0x249 C:/msys64/opt/wonderful/toolchain/gcc-arm-none-eabi/lib/gcc/arm-none-eabi/15.1.0/../../../../arm-none-eabi/lib/thumb/arm946e-s\libc.a(libc_tinystdio_puts.c.o)
 .debug_info    0x00011069      0x2fd C:/msys64/opt/wonderful/toolchain/gcc-arm-none-eabi/lib/gcc/arm-none-eabi/15.1.0/../../../../arm-none-eabi/lib/thumb/arm946e-s\libc.a(libc_tinystdio_setvbuf.c.o)
 .debug_info    0x00011366      0xc48 C:/msys64/opt/wonderful/toolchain/gcc-arm-none-eabi/lib/gcc/arm-none-eabi/15.1.0/../../../../arm-none-eabi/lib/thumb/arm946e-s\libc.a(libc_tinystdio_vfprintf.c.o)
 .debug_info    0x00011fae      0x20e C:/msys64/opt/wonderful/toolchain/gcc-arm-none-eabi/lib/gcc/arm-none-eabi/15.1.0/../../../../arm-none-eabi/lib/thumb/arm946e-s\libc.a(libc_tinystdio_vprintf.c.o)
 .debug_info    0x000121bc     0x11a1 C:/msys64/opt/wonderful/toolchain/gcc-arm-none-eabi/lib/gcc/arm-none-eabi/15.1.0/../../../../arm-none-eabi/lib/thumb/arm946e-s\libc.a(libc_tinystdio_dtoa_ryu.c.o)
 .debug_info    0x0001335d       0xf9 C:/msys64/opt/wonderful/toolchain/gcc-arm-none-eabi/lib/gcc/arm-none-eabi/15.1.0/../../../../arm-none-eabi/lib/thumb/arm946e-s\libc.a(libc_tinystdio_ryu_log10.c.o)
 .debug_info    0x00013456       0xd0 C:/msys64/opt/wonderful/toolchain/gcc-arm-none-eabi/lib/gcc/arm-none-eabi/15.1.0/../../../../arm-none-eabi/lib/thumb/arm946e-s\libc.a(libc_tinystdio_ryu_pow5bits.c.o)
 .debug_info    0x00013526      0x614 C:/msys64/opt/wonderful/toolchain/gcc-arm-none-eabi/lib/gcc/arm-none-eabi/15.1.0/../../../../arm-none-eabi/lib/thumb/arm946e-s\libc.a(libc_tinystdio_ryu_table.c.o)
 .debug_info    0x00013b3a      0x2b8 C:/msys64/opt/wonderful/toolchain/gcc-arm-none-eabi/lib/gcc/arm-none-eabi/15.1.0/../../../../arm-none-eabi/lib/thumb/arm946e-s\libc.a(libc_tinystdio_ryu_umul128.c.o)
 .debug_info    0x00013df2       0xd9 C:/msys64/opt/wonderful/toolchain/gcc-arm-none-eabi/lib/gcc/arm-none-eabi/15.1.0/../../../../arm-none-eabi/lib/thumb/arm946e-s\libc.a(libc_misc_fini.c.o)
 .debug_info    0x00013ecb       0xe3 C:/msys64/opt/wonderful/toolchain/gcc-arm-none-eabi/lib/gcc/arm-none-eabi/15.1.0/../../../../arm-none-eabi/lib/thumb/arm946e-s\libc.a(libc_string_strnlen.c.o)
 .debug_info    0x00013fae      0x2dd C:/msys64/opt/wonderful/toolchain/gcc-arm-none-eabi/lib/gcc/arm-none-eabi/15.1.0/../../../../arm-none-eabi/lib/thumb/arm946e-s\libc.a(libc_tinystdio_dtox_engine.c.o)
 .debug_info    0x0001428b      0x1a3 C:/msys64/opt/wonderful/toolchain/gcc-arm-none-eabi/lib/gcc/arm-none-eabi/15.1.0/../../../../arm-none-eabi/lib/thumb/arm946e-s\libc.a(libc_tinystdio_fputc.c.o)
 .debug_info    0x0001442e       0x31 C:/msys64/opt/wonderful/toolchain/gcc-arm-none-eabi/lib/gcc/arm-none-eabi/15.1.0/thumb/arm946e-s\libgcc.a(_thumb1_case_uqi.o)
 .debug_info    0x0001445f       0x31 C:/msys64/opt/wonderful/toolchain/gcc-arm-none-eabi/lib/gcc/arm-none-eabi/15.1.0/thumb/arm946e-s\libgcc.a(_thumb1_case_uhi.o)
 .debug_info    0x00014490       0x3e C:/msys64/opt/wonderful/toolchain/gcc-arm-none-eabi/lib/gcc/arm-none-eabi/15.1.0/thumb/arm946e-s\libgcc.a(_udivsi3.o)
 .debug_info    0x000144ce       0x3e C:/msys64/opt/wonderful/toolchain/gcc-arm-none-eabi/lib/gcc/arm-none-eabi/15.1.0/thumb/arm946e-s\libgcc.a(_divsi3.o)
 .debug_info    0x0001450c       0x3c C:/msys64/opt/wonderful/toolchain/gcc-arm-none-eabi/lib/gcc/arm-none-eabi/15.1.0/thumb/arm946e-s\libgcc.a(_dvmd_tls.o)
 .debug_info    0x00014548       0x3c C:/msys64/opt/wonderful/toolchain/gcc-arm-none-eabi/lib/gcc/arm-none-eabi/15.1.0/thumb/arm946e-s\libgcc.a(_lshrdi3.o)
 .debug_info    0x00014584       0x3c C:/msys64/opt/wonderful/toolchain/gcc-arm-none-eabi/lib/gcc/arm-none-eabi/15.1.0/thumb/arm946e-s\libgcc.a(_ashrdi3.o)
 .debug_info    0x000145c0       0x3c C:/msys64/opt/wonderful/toolchain/gcc-arm-none-eabi/lib/gcc/arm-none-eabi/15.1.0/thumb/arm946e-s\libgcc.a(_ashldi3.o)